Downloaded data: 9,672 candles, 2025-08-10 00:00:00+00:00 to 2026-09-16 23:00:00+00:00; no missing hours
dev_train: 7,296 candles, 2025-08-17 00:00:00+00:00 to 2026-06-16 23:00:00+00:00; no missing hours
val: 1,464 candles, 2026-06-17 00:00:00+00:00 to 2026-08-16 23:00:00+00:00; no missing hours
eval: 744 candles, 2026-08-17 00:00:00+00:00 to 2026-09-16 23:00:00+00:00; no missing hours
episode   1/100  eps 1.000  train return  -64.50%  loss 2.70e-03  maxQ +0.7015  changes  5745  0.1 min | val return -31.76% (best -31.76%)
episode   2/100  eps 0.912  train return  -52.15%  loss 8.56e-04  maxQ +0.8666  changes  5814  0.1 min | val return -13.51% (best -13.51%)
episode   3/100  eps 0.832  train return  -77.22%  loss 3.55e-04  maxQ +0.8728  changes  5841  0.2 min | val return -16.66% (best -13.51%)
episode   4/100  eps 0.759  train return  -48.11%  loss 2.23e-04  maxQ +0.8241  changes  5701  0.2 min | val return +10.32% (best +10.32%)
episode   5/100  eps 0.692  train return  -64.83%  loss 1.56e-04  maxQ +0.7399  changes  5657  0.3 min | val return -0.48% (best +10.32%)
episode   6/100  eps 0.631  train return  -29.66%  loss 1.16e-04  maxQ +0.6660  changes  5650  0.4 min | val return +2.90% (best +10.32%)
episode   7/100  eps 0.575  train return  -78.08%  loss 9.59e-05  maxQ +0.6026  changes  5533  0.4 min | val return -1.85% (best +10.32%)
episode   8/100  eps 0.525  train return  -46.19%  loss 7.86e-05  maxQ +0.5353  changes  5542  0.5 min | val return -21.04% (best +10.32%)
episode   9/100  eps 0.479  train return   -5.67%  loss 7.41e-05  maxQ +0.4786  changes  5272  0.5 min | val return +5.71% (best +10.32%)
episode  10/100  eps 0.436  train return  +28.08%  loss 6.75e-05  maxQ +0.4275  changes  5313  0.6 min | val return -7.77% (best +10.32%)
episode  11/100  eps 0.398  train return  -40.22%  loss 5.06e-05  maxQ +0.3777  changes  5112  0.7 min | val return +3.22% (best +10.32%)
episode  12/100  eps 0.363  train return   +3.14%  loss 4.73e-05  maxQ +0.3297  changes  5114  0.7 min | val return +0.01% (best +10.32%)
episode  13/100  eps 0.331  train return  +86.66%  loss 4.91e-05  maxQ +0.3070  changes  4920  0.8 min | val return +11.41% (best +11.41%)
episode  14/100  eps 0.302  train return +134.53%  loss 4.50e-05  maxQ +0.2806  changes  4832  0.9 min | val return -22.84% (best +11.41%)
episode  15/100  eps 0.275  train return +389.57%  loss 4.06e-05  maxQ +0.2621  changes  4842  0.9 min | val return -21.39% (best +11.41%)
episode  16/100  eps 0.251  train return +222.55%  loss 4.15e-05  maxQ +0.2437  changes  4700  1.0 min | val return +5.71% (best +11.41%)
episode  17/100  eps 0.229  train return +1263.44%  loss 3.99e-05  maxQ +0.2203  changes  4545  1.0 min | val return -11.58% (best +11.41%)
episode  18/100  eps 0.209  train return +1106.26%  loss 3.93e-05  maxQ +0.2089  changes  4422  1.1 min | val return +1.95% (best +11.41%)
episode  19/100  eps 0.191  train return +670.02%  loss 4.54e-05  maxQ +0.1992  changes  4413  1.2 min | val return +13.12% (best +13.12%)
episode  20/100  eps 0.174  train return +1560.53%  loss 4.85e-05  maxQ +0.1948  changes  4311  1.2 min | val return +6.77% (best +13.12%)
episode  21/100  eps 0.158  train return +2486.55%  loss 4.54e-05  maxQ +0.1881  changes  4525  1.3 min | val return -16.05% (best +13.12%)
episode  22/100  eps 0.145  train return +2355.55%  loss 4.86e-05  maxQ +0.1891  changes  4485  1.4 min | val return -24.56% (best +13.12%)
episode  23/100  eps 0.132  train return +2881.63%  loss 5.20e-05  maxQ +0.1920  changes  4529  1.4 min | val return -18.21% (best +13.12%)
episode  24/100  eps 0.120  train return +5955.87%  loss 5.00e-05  maxQ +0.1874  changes  4407  1.5 min | val return -11.28% (best +13.12%)
episode  25/100  eps 0.110  train return +20714.87%  loss 5.09e-05  maxQ +0.1822  changes  4476  1.6 min | val return -34.03% (best +13.12%)
episode  26/100  eps 0.100  train return +13673.49%  loss 5.48e-05  maxQ +0.1853  changes  4370  1.6 min | val return -25.22% (best +13.12%)
episode  27/100  eps 0.091  train return +30156.64%  loss 5.66e-05  maxQ +0.1868  changes  4546  1.7 min | val return -22.65% (best +13.12%)
episode  28/100  eps 0.083  train return +72267.51%  loss 5.93e-05  maxQ +0.1935  changes  4399  1.8 min | val return -28.80% (best +13.12%)
episode  29/100  eps 0.076  train return +45991.93%  loss 6.08e-05  maxQ +0.1944  changes  4468  1.8 min | val return -15.08% (best +13.12%)
episode  30/100  eps 0.069  train return +53069.81%  loss 6.22e-05  maxQ +0.1956  changes  4279  1.9 min | val return -19.18% (best +13.12%)
episode  31/100  eps 0.063  train return +112467.84%  loss 6.25e-05  maxQ +0.1978  changes  4270  2.0 min | val return +4.16% (best +13.12%)
episode  32/100  eps 0.058  train return +69592.91%  loss 6.49e-05  maxQ +0.2001  changes  4496  2.0 min | val return -23.93% (best +13.12%)
episode  33/100  eps 0.052  train return +104905.50%  loss 6.83e-05  maxQ +0.2061  changes  4325  2.1 min | val return +3.05% (best +13.12%)
episode  34/100  eps 0.048  train return +197309.71%  loss 7.21e-05  maxQ +0.2162  changes  4288  2.1 min | val return +1.93% (best +13.12%)
episode  35/100  eps 0.044  train return +166853.77%  loss 7.29e-05  maxQ +0.2179  changes  4335  2.2 min | val return -23.62% (best +13.12%)
episode  36/100  eps 0.040  train return +291048.82%  loss 6.69e-05  maxQ +0.2185  changes  4291  2.3 min | val return -14.21% (best +13.12%)
episode  37/100  eps 0.036  train return +273369.93%  loss 7.29e-05  maxQ +0.2253  changes  4192  2.3 min | val return -12.25% (best +13.12%)
episode  38/100  eps 0.033  train return +309981.95%  loss 7.68e-05  maxQ +0.2293  changes  4291  2.4 min | val return -22.76% (best +13.12%)
episode  39/100  eps 0.030  train return +490441.34%  loss 7.22e-05  maxQ +0.2315  changes  4252  2.4 min | val return -3.31% (best +13.12%)
episode  40/100  eps 0.028  train return +358781.07%  loss 7.42e-05  maxQ +0.2339  changes  4411  2.5 min | val return -4.91% (best +13.12%)
episode  41/100  eps 0.025  train return +348699.66%  loss 7.44e-05  maxQ +0.2304  changes  4424  2.6 min | val return -32.17% (best +13.12%)
episode  42/100  eps 0.023  train return +894337.81%  loss 7.35e-05  maxQ +0.2330  changes  4517  2.6 min | val return +3.36% (best +13.12%)
episode  43/100  eps 0.021  train return +653685.23%  loss 7.47e-05  maxQ +0.2350  changes  4611  2.7 min | val return -24.63% (best +13.12%)
episode  44/100  eps 0.019  train return +687568.28%  loss 7.43e-05  maxQ +0.2393  changes  4663  2.7 min | val return +9.20% (best +13.12%)
episode  45/100  eps 0.017  train return +955299.46%  loss 7.41e-05  maxQ +0.2365  changes  4656  2.8 min | val return -5.63% (best +13.12%)
episode  46/100  eps 0.016  train return +516145.02%  loss 7.54e-05  maxQ +0.2351  changes  4515  2.9 min | val return +1.94% (best +13.12%)
episode  47/100  eps 0.014  train return +1207500.37%  loss 7.95e-05  maxQ +0.2434  changes  4576  2.9 min | val return -10.66% (best +13.12%)
episode  48/100  eps 0.013  train return +916644.79%  loss 7.70e-05  maxQ +0.2421  changes  4553  3.0 min | val return -22.47% (best +13.12%)
episode  49/100  eps 0.012  train return +989857.73%  loss 7.66e-05  maxQ +0.2423  changes  4646  3.0 min | val return +1.88% (best +13.12%)
episode  50/100  eps 0.011  train return +754191.57%  loss 8.02e-05  maxQ +0.2435  changes  4648  3.1 min | val return -10.66% (best +13.12%)
episode  51/100  eps 0.010  train return +1857682.55%  loss 8.28e-05  maxQ +0.2481  changes  4493  3.2 min | val return -1.66% (best +13.12%)
episode  52/100  eps 0.010  train return +1150369.53%  loss 7.80e-05  maxQ +0.2442  changes  4491  3.2 min | val return -3.00% (best +13.12%)
episode  53/100  eps 0.010  train return +1216524.18%  loss 7.79e-05  maxQ +0.2413  changes  4569  3.3 min | val return +8.23% (best +13.12%)
episode  54/100  eps 0.010  train return +1527579.29%  loss 8.31e-05  maxQ +0.2438  changes  4480  3.3 min | val return -20.48% (best +13.12%)
episode  55/100  eps 0.010  train return +2237358.41%  loss 8.33e-05  maxQ +0.2480  changes  4473  3.4 min | val return +1.06% (best +13.12%)
episode  56/100  eps 0.010  train return +1209888.49%  loss 8.58e-05  maxQ +0.2500  changes  4493  3.5 min | val return -4.34% (best +13.12%)
episode  57/100  eps 0.010  train return +1835705.03%  loss 8.33e-05  maxQ +0.2492  changes  4548  3.5 min | val return -13.48% (best +13.12%)
episode  58/100  eps 0.010  train return +1856967.41%  loss 8.73e-05  maxQ +0.2507  changes  4494  3.6 min | val return -10.52% (best +13.12%)
episode  59/100  eps 0.010  train return +1345128.90%  loss 8.29e-05  maxQ +0.2530  changes  4548  3.6 min | val return +10.51% (best +13.12%)
episode  60/100  eps 0.010  train return +1334550.36%  loss 8.56e-05  maxQ +0.2520  changes  4521  3.7 min | val return +1.04% (best +13.12%)
episode  61/100  eps 0.010  train return +1711431.44%  loss 8.56e-05  maxQ +0.2511  changes  4600  3.8 min | val return -14.33% (best +13.12%)
episode  62/100  eps 0.010  train return +1761358.66%  loss 8.98e-05  maxQ +0.2545  changes  4518  3.8 min | val return -17.72% (best +13.12%)
episode  63/100  eps 0.010  train return +2294369.04%  loss 8.54e-05  maxQ +0.2533  changes  4505  3.9 min | val return -17.05% (best +13.12%)
episode  64/100  eps 0.010  train return +1820479.79%  loss 8.81e-05  maxQ +0.2518  changes  4388  4.0 min | val return +4.05% (best +13.12%)
episode  65/100  eps 0.010  train return +1008639.75%  loss 8.83e-05  maxQ +0.2534  changes  4539  4.0 min | val return -14.09% (best +13.12%)
episode  66/100  eps 0.010  train return +2107103.61%  loss 8.67e-05  maxQ +0.2544  changes  4423  4.1 min | val return -5.81% (best +13.12%)
episode  67/100  eps 0.010  train return +2282305.72%  loss 8.53e-05  maxQ +0.2567  changes  4512  4.1 min | val return -12.71% (best +13.12%)
episode  68/100  eps 0.010  train return +2564489.98%  loss 9.13e-05  maxQ +0.2607  changes  4610  4.2 min | val return -3.20% (best +13.12%)
episode  69/100  eps 0.010  train return +1607898.17%  loss 8.59e-05  maxQ +0.2603  changes  4586  4.3 min | val return -2.48% (best +13.12%)
episode  70/100  eps 0.010  train return +1825652.65%  loss 8.82e-05  maxQ +0.2548  changes  4665  4.3 min | val return -12.15% (best +13.12%)
episode  71/100  eps 0.010  train return +1510399.43%  loss 8.37e-05  maxQ +0.2482  changes  4795  4.4 min | val return -19.26% (best +13.12%)
episode  72/100  eps 0.010  train return +1771129.12%  loss 8.59e-05  maxQ +0.2445  changes  4798  4.4 min | val return -10.58% (best +13.12%)
episode  73/100  eps 0.010  train return +1103377.35%  loss 8.76e-05  maxQ +0.2464  changes  4725  4.5 min | val return +0.15% (best +13.12%)
episode  74/100  eps 0.010  train return +1844561.64%  loss 8.84e-05  maxQ +0.2482  changes  4741  4.6 min | val return -25.83% (best +13.12%)
episode  75/100  eps 0.010  train return +2770265.83%  loss 8.89e-05  maxQ +0.2474  changes  4807  4.6 min | val return -11.97% (best +13.12%)
episode  76/100  eps 0.010  train return +2291966.60%  loss 9.15e-05  maxQ +0.2515  changes  4784  4.7 min | val return -3.63% (best +13.12%)
episode  77/100  eps 0.010  train return +2653135.53%  loss 8.78e-05  maxQ +0.2504  changes  4838  4.7 min | val return -15.71% (best +13.12%)
episode  78/100  eps 0.010  train return +2355373.99%  loss 9.40e-05  maxQ +0.2537  changes  4829  4.8 min | val return -19.35% (best +13.12%)
episode  79/100  eps 0.010  train return +3476683.69%  loss 9.17e-05  maxQ +0.2526  changes  4864  4.9 min | val return -28.52% (best +13.12%)
episode  80/100  eps 0.010  train return +3648077.76%  loss 8.79e-05  maxQ +0.2528  changes  4883  4.9 min | val return -16.85% (best +13.12%)
episode  81/100  eps 0.010  train return +2724242.57%  loss 8.86e-05  maxQ +0.2509  changes  4813  5.0 min | val return -19.27% (best +13.12%)
episode  82/100  eps 0.010  train return +3478359.24%  loss 9.06e-05  maxQ +0.2547  changes  4583  5.0 min | val return -3.98% (best +13.12%)
episode  83/100  eps 0.010  train return +4626472.15%  loss 9.36e-05  maxQ +0.2542  changes  4861  5.1 min | val return -36.07% (best +13.12%)
episode  84/100  eps 0.010  train return +3528898.19%  loss 9.18e-05  maxQ +0.2542  changes  4853  5.2 min | val return -27.92% (best +13.12%)
episode  85/100  eps 0.010  train return +2057639.36%  loss 9.35e-05  maxQ +0.2569  changes  4797  5.2 min | val return -35.16% (best +13.12%)
episode  86/100  eps 0.010  train return +4487823.95%  loss 9.33e-05  maxQ +0.2568  changes  4725  5.3 min | val return -13.63% (best +13.12%)
episode  87/100  eps 0.010  train return +3262782.83%  loss 9.55e-05  maxQ +0.2660  changes  4778  5.4 min | val return -21.11% (best +13.12%)
episode  88/100  eps 0.010  train return +1533597.93%  loss 9.38e-05  maxQ +0.2649  changes  4746  5.4 min | val return -25.35% (best +13.12%)
episode  89/100  eps 0.010  train return +2627023.79%  loss 9.20e-05  maxQ +0.2583  changes  4745  5.5 min | val return -27.41% (best +13.12%)
episode  90/100  eps 0.010  train return +2729657.32%  loss 9.64e-05  maxQ +0.2615  changes  4734  5.5 min | val return -31.85% (best +13.12%)
episode  91/100  eps 0.010  train return +1737286.74%  loss 9.13e-05  maxQ +0.2571  changes  4818  5.6 min | val return -28.93% (best +13.12%)
episode  92/100  eps 0.010  train return +3324628.37%  loss 9.00e-05  maxQ +0.2577  changes  4685  5.7 min | val return -28.85% (best +13.12%)
episode  93/100  eps 0.010  train return +2452502.31%  loss 9.03e-05  maxQ +0.2537  changes  4793  5.7 min | val return -6.87% (best +13.12%)
episode  94/100  eps 0.010  train return +1463497.61%  loss 9.08e-05  maxQ +0.2586  changes  4813  5.8 min | val return -23.22% (best +13.12%)
episode  95/100  eps 0.010  train return +2674005.65%  loss 9.50e-05  maxQ +0.2550  changes  4754  5.8 min | val return -11.97% (best +13.12%)
episode  96/100  eps 0.010  train return +2251849.49%  loss 9.45e-05  maxQ +0.2581  changes  4721  5.9 min | val return -7.74% (best +13.12%)
episode  97/100  eps 0.010  train return +2093213.63%  loss 9.87e-05  maxQ +0.2617  changes  4783  6.0 min | val return -28.80% (best +13.12%)
episode  98/100  eps 0.010  train return +2289719.97%  loss 9.74e-05  maxQ +0.2615  changes  4777  6.0 min | val return +4.99% (best +13.12%)
episode  99/100  eps 0.010  train return +3134611.48%  loss 9.90e-05  maxQ +0.2596  changes  4762  6.1 min | val return -21.74% (best +13.12%)
episode 100/100  eps 0.010  train return +2971285.71%  loss 9.52e-05  maxQ +0.2615  changes  4737  6.2 min | val return -34.72% (best +13.12%)
model    env  portfolio_return  excess_return  n_changes
 last    val         -0.346980      -0.304363     1086.9
 last val_w1         -0.237499      -0.210583      535.9
 last val_w2         -0.148577      -0.133143      567.3
 best    val          0.131263       0.173881      777.1
 best val_w1          0.099326       0.126241      417.1
 best val_w2          0.029255       0.044689      369.7
