Downloaded data: 9,672 candles, 2025-08-10 00:00:00+00:00 to 2026-09-16 23:00:00+00:00; no missing hours
dev_train: 7,296 candles, 2025-08-17 00:00:00+00:00 to 2026-06-16 23:00:00+00:00; no missing hours
val: 1,464 candles, 2026-06-17 00:00:00+00:00 to 2026-08-16 23:00:00+00:00; no missing hours
eval: 744 candles, 2026-08-17 00:00:00+00:00 to 2026-09-16 23:00:00+00:00; no missing hours
episode   1/100  eps 1.000  train return  -59.07%  loss 7.91e-02  maxQ +2.4592  changes  5877  0.1 min | val return +1.63% (best +1.63%)
episode   2/100  eps 0.912  train return  -74.09%  loss 6.19e-02  maxQ +3.7883  changes  5810  0.1 min | val return -24.50% (best +1.63%)
episode   3/100  eps 0.832  train return  -68.49%  loss 7.87e-03  maxQ +3.6226  changes  5881  0.2 min | val return -7.71% (best +1.63%)
episode   4/100  eps 0.759  train return  -54.07%  loss 2.06e-03  maxQ +3.1516  changes  5844  0.2 min | val return +4.87% (best +4.87%)
episode   5/100  eps 0.692  train return  -66.74%  loss 1.24e-03  maxQ +2.7820  changes  5768  0.3 min | val return -3.77% (best +4.87%)
episode   6/100  eps 0.631  train return  +52.71%  loss 7.42e-04  maxQ +2.4200  changes  5748  0.4 min | val return -13.98% (best +4.87%)
episode   7/100  eps 0.575  train return  -44.26%  loss 4.77e-04  maxQ +2.0548  changes  5642  0.4 min | val return -9.33% (best +4.87%)
episode   8/100  eps 0.525  train return  -57.01%  loss 5.66e-04  maxQ +1.7899  changes  5594  0.5 min | val return -15.30% (best +4.87%)
episode   9/100  eps 0.479  train return  -65.31%  loss 3.09e-04  maxQ +1.5245  changes  5451  0.5 min | val return -25.89% (best +4.87%)
episode  10/100  eps 0.436  train return  -49.49%  loss 2.39e-04  maxQ +1.3100  changes  5465  0.6 min | val return -6.31% (best +4.87%)
episode  11/100  eps 0.398  train return  -42.96%  loss 2.29e-04  maxQ +1.1363  changes  5232  0.7 min | val return -8.67% (best +4.87%)
episode  12/100  eps 0.363  train return  -46.66%  loss 2.33e-04  maxQ +0.9903  changes  5168  0.7 min | val return -6.56% (best +4.87%)
episode  13/100  eps 0.331  train return   +8.22%  loss 1.48e-04  maxQ +0.8573  changes  5202  0.8 min | val return -23.36% (best +4.87%)
episode  14/100  eps 0.302  train return  -18.78%  loss 1.19e-04  maxQ +0.7394  changes  5019  0.8 min | val return +10.10% (best +10.10%)
episode  15/100  eps 0.275  train return  -60.66%  loss 1.25e-04  maxQ +0.6595  changes  4955  0.9 min | val return +25.42% (best +25.42%)
episode  16/100  eps 0.251  train return   -0.28%  loss 1.12e-04  maxQ +0.5920  changes  4854  1.0 min | val return +2.41% (best +25.42%)
episode  17/100  eps 0.229  train return +144.26%  loss 7.53e-05  maxQ +0.5386  changes  4703  1.0 min | val return +7.74% (best +25.42%)
episode  18/100  eps 0.209  train return   -6.36%  loss 7.44e-05  maxQ +0.4676  changes  4604  1.1 min | val return -18.34% (best +25.42%)
episode  19/100  eps 0.191  train return  -11.55%  loss 6.70e-05  maxQ +0.4169  changes  4440  1.2 min | val return +13.27% (best +25.42%)
episode  20/100  eps 0.174  train return  +12.72%  loss 5.90e-05  maxQ +0.3882  changes  4309  1.2 min | val return -4.19% (best +25.42%)
episode  21/100  eps 0.158  train return +243.12%  loss 6.19e-05  maxQ +0.3639  changes  4311  1.3 min | val return +0.12% (best +25.42%)
episode  22/100  eps 0.145  train return +223.42%  loss 5.19e-05  maxQ +0.3269  changes  4308  1.4 min | val return -23.64% (best +25.42%)
episode  23/100  eps 0.132  train return +499.79%  loss 5.33e-05  maxQ +0.3001  changes  4276  1.4 min | val return +4.07% (best +25.42%)
episode  24/100  eps 0.120  train return +571.93%  loss 5.10e-05  maxQ +0.2816  changes  4059  1.5 min | val return +4.29% (best +25.42%)
episode  25/100  eps 0.110  train return +786.17%  loss 5.02e-05  maxQ +0.2656  changes  4172  1.5 min | val return +5.30% (best +25.42%)
episode  26/100  eps 0.100  train return +656.27%  loss 5.15e-05  maxQ +0.2489  changes  4030  1.6 min | val return -7.86% (best +25.42%)
episode  27/100  eps 0.091  train return +432.13%  loss 5.41e-05  maxQ +0.2410  changes  4087  1.7 min | val return +1.74% (best +25.42%)
episode  28/100  eps 0.083  train return +1345.87%  loss 4.73e-05  maxQ +0.2214  changes  4003  1.7 min | val return -12.27% (best +25.42%)
episode  29/100  eps 0.076  train return +1260.33%  loss 5.15e-05  maxQ +0.2148  changes  4032  1.8 min | val return -18.85% (best +25.42%)
episode  30/100  eps 0.069  train return +1371.00%  loss 4.81e-05  maxQ +0.2112  changes  3958  1.9 min | val return -26.27% (best +25.42%)
episode  31/100  eps 0.063  train return +2969.75%  loss 5.06e-05  maxQ +0.2088  changes  3906  1.9 min | val return +3.92% (best +25.42%)
episode  32/100  eps 0.058  train return +4519.83%  loss 4.87e-05  maxQ +0.2065  changes  3916  2.0 min | val return -16.13% (best +25.42%)
episode  33/100  eps 0.052  train return +8579.71%  loss 4.64e-05  maxQ +0.2061  changes  3892  2.1 min | val return -5.49% (best +25.42%)
episode  34/100  eps 0.048  train return +5449.13%  loss 5.09e-05  maxQ +0.2001  changes  4045  2.1 min | val return -25.93% (best +25.42%)
episode  35/100  eps 0.044  train return +11479.73%  loss 5.33e-05  maxQ +0.1998  changes  3993  2.2 min | val return -1.96% (best +25.42%)
episode  36/100  eps 0.040  train return +24337.98%  loss 5.62e-05  maxQ +0.1965  changes  4169  2.3 min | val return +10.88% (best +25.42%)
episode  37/100  eps 0.036  train return +23336.81%  loss 5.42e-05  maxQ +0.1968  changes  4172  2.3 min | val return -26.87% (best +25.42%)
episode  38/100  eps 0.033  train return +27939.58%  loss 5.23e-05  maxQ +0.1942  changes  4220  2.4 min | val return -8.58% (best +25.42%)
episode  39/100  eps 0.030  train return +33279.05%  loss 5.37e-05  maxQ +0.1972  changes  4225  2.4 min | val return -16.64% (best +25.42%)
episode  40/100  eps 0.028  train return +65435.69%  loss 5.15e-05  maxQ +0.1988  changes  4167  2.5 min | val return -21.13% (best +25.42%)
episode  41/100  eps 0.025  train return +80006.83%  loss 5.58e-05  maxQ +0.2027  changes  4074  2.6 min | val return +6.78% (best +25.42%)
episode  42/100  eps 0.023  train return +61997.73%  loss 5.27e-05  maxQ +0.2005  changes  4093  2.6 min | val return -13.45% (best +25.42%)
episode  43/100  eps 0.021  train return +143272.08%  loss 5.37e-05  maxQ +0.2056  changes  4131  2.7 min | val return +11.55% (best +25.42%)
episode  44/100  eps 0.019  train return +49337.33%  loss 5.75e-05  maxQ +0.2079  changes  4258  2.7 min | val return +3.30% (best +25.42%)
episode  45/100  eps 0.017  train return +171034.47%  loss 5.86e-05  maxQ +0.2119  changes  4106  2.8 min | val return +1.41% (best +25.42%)
episode  46/100  eps 0.016  train return +166986.29%  loss 5.82e-05  maxQ +0.2141  changes  4187  2.9 min | val return -12.08% (best +25.42%)
episode  47/100  eps 0.014  train return +187276.06%  loss 5.67e-05  maxQ +0.2062  changes  4381  2.9 min | val return -21.72% (best +25.42%)
episode  48/100  eps 0.013  train return +240949.52%  loss 5.67e-05  maxQ +0.2072  changes  4404  3.0 min | val return -18.05% (best +25.42%)
episode  49/100  eps 0.012  train return +184321.88%  loss 5.73e-05  maxQ +0.2092  changes  4571  3.1 min | val return -7.78% (best +25.42%)
episode  50/100  eps 0.011  train return +308617.37%  loss 5.69e-05  maxQ +0.2086  changes  4514  3.1 min | val return -14.03% (best +25.42%)
episode  51/100  eps 0.010  train return +301156.41%  loss 5.97e-05  maxQ +0.2104  changes  4410  3.2 min | val return -2.76% (best +25.42%)
episode  52/100  eps 0.010  train return +418811.20%  loss 5.88e-05  maxQ +0.2111  changes  4412  3.2 min | val return +23.10% (best +25.42%)
episode  53/100  eps 0.010  train return +332513.07%  loss 6.07e-05  maxQ +0.2110  changes  4429  3.3 min | val return -0.52% (best +25.42%)
episode  54/100  eps 0.010  train return +715606.85%  loss 6.22e-05  maxQ +0.2157  changes  4426  3.4 min | val return +14.31% (best +25.42%)
episode  55/100  eps 0.010  train return +892924.62%  loss 6.13e-05  maxQ +0.2172  changes  4351  3.4 min | val return +12.00% (best +25.42%)
episode  56/100  eps 0.010  train return +488755.02%  loss 6.10e-05  maxQ +0.2210  changes  4494  3.5 min | val return -12.97% (best +25.42%)
episode  57/100  eps 0.010  train return +582453.75%  loss 5.95e-05  maxQ +0.2187  changes  4498  3.5 min | val return -1.41% (best +25.42%)
episode  58/100  eps 0.010  train return +1074712.52%  loss 6.36e-05  maxQ +0.2145  changes  4452  3.6 min | val return -15.68% (best +25.42%)
episode  59/100  eps 0.010  train return +781272.73%  loss 6.41e-05  maxQ +0.2126  changes  4465  3.7 min | val return -18.27% (best +25.42%)
episode  60/100  eps 0.010  train return +976545.06%  loss 6.19e-05  maxQ +0.2111  changes  4559  3.7 min | val return -7.04% (best +25.42%)
episode  61/100  eps 0.010  train return +1003805.20%  loss 6.23e-05  maxQ +0.2148  changes  4601  3.8 min | val return +0.33% (best +25.42%)
episode  62/100  eps 0.010  train return +1308386.57%  loss 6.59e-05  maxQ +0.2222  changes  4400  3.8 min | val return -20.49% (best +25.42%)
episode  63/100  eps 0.010  train return +978495.18%  loss 6.24e-05  maxQ +0.2128  changes  4545  3.9 min | val return +0.95% (best +25.42%)
episode  64/100  eps 0.010  train return +1099473.00%  loss 5.99e-05  maxQ +0.2134  changes  4496  4.0 min | val return -3.20% (best +25.42%)
episode  65/100  eps 0.010  train return +1117367.18%  loss 6.49e-05  maxQ +0.2201  changes  4442  4.0 min | val return -11.81% (best +25.42%)
episode  66/100  eps 0.010  train return +1122203.44%  loss 6.72e-05  maxQ +0.2237  changes  4619  4.1 min | val return -0.62% (best +25.42%)
episode  67/100  eps 0.010  train return +1582918.87%  loss 6.62e-05  maxQ +0.2267  changes  4558  4.1 min | val return -14.71% (best +25.42%)
episode  68/100  eps 0.010  train return +1481594.78%  loss 6.33e-05  maxQ +0.2233  changes  4523  4.2 min | val return -9.32% (best +25.42%)
episode  69/100  eps 0.010  train return +1191241.33%  loss 6.55e-05  maxQ +0.2251  changes  4551  4.3 min | val return -33.44% (best +25.42%)
episode  70/100  eps 0.010  train return +2101201.18%  loss 6.79e-05  maxQ +0.2271  changes  4520  4.3 min | val return -5.31% (best +25.42%)
episode  71/100  eps 0.010  train return +1538812.77%  loss 6.59e-05  maxQ +0.2268  changes  4600  4.4 min | val return -17.01% (best +25.42%)
episode  72/100  eps 0.010  train return +1440488.14%  loss 6.49e-05  maxQ +0.2199  changes  4679  4.5 min | val return -2.61% (best +25.42%)
episode  73/100  eps 0.010  train return +1942832.62%  loss 6.58e-05  maxQ +0.2212  changes  4613  4.5 min | val return -28.65% (best +25.42%)
episode  74/100  eps 0.010  train return +2300029.05%  loss 6.76e-05  maxQ +0.2231  changes  4542  4.6 min | val return +1.27% (best +25.42%)
episode  75/100  eps 0.010  train return +1963635.92%  loss 6.70e-05  maxQ +0.2222  changes  4648  4.6 min | val return -14.57% (best +25.42%)
episode  76/100  eps 0.010  train return +1257992.19%  loss 6.77e-05  maxQ +0.2246  changes  4698  4.7 min | val return -9.92% (best +25.42%)
episode  77/100  eps 0.010  train return +3905714.53%  loss 6.73e-05  maxQ +0.2217  changes  4694  4.8 min | val return -26.59% (best +25.42%)
episode  78/100  eps 0.010  train return +1592142.61%  loss 6.69e-05  maxQ +0.2266  changes  4743  4.8 min | val return +5.03% (best +25.42%)
episode  79/100  eps 0.010  train return +1356066.84%  loss 6.82e-05  maxQ +0.2329  changes  4673  4.9 min | val return -13.25% (best +25.42%)
episode  80/100  eps 0.010  train return +2351852.57%  loss 6.77e-05  maxQ +0.2287  changes  4758  4.9 min | val return -12.14% (best +25.42%)
episode  81/100  eps 0.010  train return +2662775.58%  loss 6.71e-05  maxQ +0.2293  changes  4777  5.0 min | val return -16.05% (best +25.42%)
episode  82/100  eps 0.010  train return +2038414.30%  loss 6.84e-05  maxQ +0.2329  changes  4741  5.1 min | val return -7.07% (best +25.42%)
episode  83/100  eps 0.010  train return +1976278.38%  loss 6.67e-05  maxQ +0.2262  changes  4799  5.1 min | val return -8.70% (best +25.42%)
episode  84/100  eps 0.010  train return +1894216.46%  loss 6.99e-05  maxQ +0.2344  changes  4727  5.2 min | val return +16.42% (best +25.42%)
episode  85/100  eps 0.010  train return +3979870.74%  loss 6.59e-05  maxQ +0.2404  changes  4633  5.3 min | val return -6.03% (best +25.42%)
episode  86/100  eps 0.010  train return +1838347.63%  loss 6.82e-05  maxQ +0.2346  changes  4745  5.3 min | val return +0.10% (best +25.42%)
episode  87/100  eps 0.010  train return +2502795.72%  loss 6.60e-05  maxQ +0.2320  changes  4718  5.4 min | val return +2.99% (best +25.42%)
episode  88/100  eps 0.010  train return +3911939.60%  loss 7.05e-05  maxQ +0.2327  changes  4642  5.4 min | val return +1.32% (best +25.42%)
episode  89/100  eps 0.010  train return +2926574.95%  loss 6.87e-05  maxQ +0.2336  changes  4753  5.5 min | val return +8.69% (best +25.42%)
episode  90/100  eps 0.010  train return +2078913.26%  loss 7.07e-05  maxQ +0.2340  changes  4707  5.6 min | val return -16.74% (best +25.42%)
episode  91/100  eps 0.010  train return +2571442.56%  loss 6.63e-05  maxQ +0.2347  changes  4754  5.6 min | val return -18.40% (best +25.42%)
episode  92/100  eps 0.010  train return +3100961.62%  loss 6.90e-05  maxQ +0.2391  changes  4701  5.7 min | val return -12.40% (best +25.42%)
episode  93/100  eps 0.010  train return +2833859.95%  loss 7.03e-05  maxQ +0.2390  changes  4753  5.7 min | val return -4.88% (best +25.42%)
episode  94/100  eps 0.010  train return +2802320.33%  loss 6.79e-05  maxQ +0.2400  changes  4686  5.8 min | val return -13.91% (best +25.42%)
episode  95/100  eps 0.010  train return +1978648.43%  loss 6.78e-05  maxQ +0.2356  changes  4709  5.9 min | val return +0.73% (best +25.42%)
episode  96/100  eps 0.010  train return +3380969.47%  loss 7.19e-05  maxQ +0.2351  changes  4727  5.9 min | val return -8.71% (best +25.42%)
episode  97/100  eps 0.010  train return +2404695.08%  loss 6.94e-05  maxQ +0.2316  changes  4745  6.0 min | val return -3.95% (best +25.42%)
episode  98/100  eps 0.010  train return +2666965.06%  loss 6.94e-05  maxQ +0.2328  changes  4658  6.1 min | val return +13.65% (best +25.42%)
episode  99/100  eps 0.010  train return +1998477.29%  loss 7.27e-05  maxQ +0.2375  changes  4615  6.1 min | val return -5.59% (best +25.42%)
episode 100/100  eps 0.010  train return +2828674.49%  loss 7.27e-05  maxQ +0.2352  changes  4653  6.2 min | val return -12.64% (best +25.42%)
model    env  portfolio_return  excess_return  n_changes
 last    val         -0.126404      -0.083786      888.9
 last val_w1         -0.029713      -0.002797      494.9
 last val_w2         -0.081610      -0.066176      411.8
 best    val          0.253505       0.296123      708.7
 best val_w1          0.270153       0.297068      417.7
 best val_w2         -0.009843       0.005591      304.4
