Downloaded data: 9,672 candles, 2025-08-10 00:00:00+00:00 to 2026-09-16 23:00:00+00:00; no missing hours
dev_train: 7,296 candles, 2025-08-17 00:00:00+00:00 to 2026-06-16 23:00:00+00:00; no missing hours
val: 1,464 candles, 2026-06-17 00:00:00+00:00 to 2026-08-16 23:00:00+00:00; no missing hours
eval: 744 candles, 2026-08-17 00:00:00+00:00 to 2026-09-16 23:00:00+00:00; no missing hours
episode   1/100  eps 1.000  train return  -61.53%  loss 3.49e-02  maxQ +1.6578  changes  5848  0.1 min | val return -18.54% (best -18.54%)
episode   2/100  eps 0.912  train return  -71.08%  loss 4.72e-03  maxQ +1.9355  changes  5839  0.1 min | val return +3.67% (best +3.67%)
episode   3/100  eps 0.832  train return  -63.70%  loss 1.73e-03  maxQ +1.8551  changes  5753  0.2 min | val return -0.07% (best +3.67%)
episode   4/100  eps 0.759  train return  -68.68%  loss 7.66e-04  maxQ +1.6918  changes  5786  0.3 min | val return -4.35% (best +3.67%)
episode   5/100  eps 0.692  train return  -68.66%  loss 4.17e-04  maxQ +1.5003  changes  5720  0.3 min | val return +5.25% (best +5.25%)
episode   6/100  eps 0.631  train return  -72.39%  loss 2.85e-04  maxQ +1.3075  changes  5656  0.4 min | val return -15.72% (best +5.25%)
episode   7/100  eps 0.575  train return  -55.14%  loss 2.20e-04  maxQ +1.1486  changes  5540  0.5 min | val return -10.78% (best +5.25%)
episode   8/100  eps 0.525  train return  -65.76%  loss 1.53e-04  maxQ +0.9836  changes  5450  0.5 min | val return -10.91% (best +5.25%)
episode   9/100  eps 0.479  train return  -43.28%  loss 1.36e-04  maxQ +0.8897  changes  5409  0.6 min | val return -17.00% (best +5.25%)
episode  10/100  eps 0.436  train return  -65.08%  loss 1.08e-04  maxQ +0.7829  changes  5263  0.7 min | val return +4.92% (best +5.25%)
episode  11/100  eps 0.398  train return  -52.04%  loss 1.34e-04  maxQ +0.7011  changes  5054  0.8 min | val return -12.81% (best +5.25%)
episode  12/100  eps 0.363  train return  -65.10%  loss 9.74e-05  maxQ +0.6273  changes  5070  0.8 min | val return -14.70% (best +5.25%)
episode  13/100  eps 0.331  train return  -50.19%  loss 8.28e-05  maxQ +0.5473  changes  5087  0.9 min | val return +5.17% (best +5.25%)
episode  14/100  eps 0.302  train return  -40.42%  loss 8.35e-05  maxQ +0.4858  changes  4973  1.0 min | val return -12.07% (best +5.25%)
episode  15/100  eps 0.275  train return  +61.47%  loss 5.21e-05  maxQ +0.4267  changes  4805  1.0 min | val return +5.15% (best +5.25%)
episode  16/100  eps 0.251  train return   -2.74%  loss 5.96e-05  maxQ +0.3864  changes  4674  1.1 min | val return +4.07% (best +5.25%)
episode  17/100  eps 0.229  train return +103.08%  loss 4.81e-05  maxQ +0.3434  changes  4614  1.2 min | val return +2.80% (best +5.25%)
episode  18/100  eps 0.209  train return  +82.77%  loss 4.25e-05  maxQ +0.3188  changes  4441  1.3 min | val return -20.59% (best +5.25%)
episode  19/100  eps 0.191  train return +307.38%  loss 4.14e-05  maxQ +0.2786  changes  4456  1.3 min | val return -9.61% (best +5.25%)
episode  20/100  eps 0.174  train return +260.15%  loss 4.33e-05  maxQ +0.2545  changes  4383  1.4 min | val return -17.01% (best +5.25%)
episode  21/100  eps 0.158  train return +324.12%  loss 4.25e-05  maxQ +0.2351  changes  4227  1.5 min | val return -26.98% (best +5.25%)
episode  22/100  eps 0.145  train return +470.89%  loss 4.18e-05  maxQ +0.2169  changes  4218  1.6 min | val return -28.36% (best +5.25%)
episode  23/100  eps 0.132  train return +484.46%  loss 4.38e-05  maxQ +0.2108  changes  4264  1.6 min | val return +8.24% (best +8.24%)
episode  24/100  eps 0.120  train return +1359.28%  loss 4.41e-05  maxQ +0.1984  changes  4319  1.7 min | val return -28.87% (best +8.24%)
episode  25/100  eps 0.110  train return +2602.02%  loss 4.22e-05  maxQ +0.1861  changes  4253  1.8 min | val return +3.56% (best +8.24%)
episode  26/100  eps 0.100  train return +5146.83%  loss 4.56e-05  maxQ +0.1782  changes  4182  1.9 min | val return -10.55% (best +8.24%)
episode  27/100  eps 0.091  train return +3561.31%  loss 4.73e-05  maxQ +0.1775  changes  4097  1.9 min | val return -10.67% (best +8.24%)
episode  28/100  eps 0.083  train return +6978.28%  loss 5.08e-05  maxQ +0.1807  changes  4307  2.0 min | val return -8.38% (best +8.24%)
episode  29/100  eps 0.076  train return +3921.53%  loss 5.12e-05  maxQ +0.1851  changes  4134  2.1 min | val return -13.58% (best +8.24%)
episode  30/100  eps 0.069  train return +4534.12%  loss 5.08e-05  maxQ +0.1867  changes  4356  2.1 min | val return -18.30% (best +8.24%)
episode  31/100  eps 0.063  train return +16529.14%  loss 5.51e-05  maxQ +0.1901  changes  4334  2.2 min | val return +6.93% (best +8.24%)
episode  32/100  eps 0.058  train return +14296.01%  loss 5.40e-05  maxQ +0.1850  changes  4353  2.3 min | val return -1.13% (best +8.24%)
episode  33/100  eps 0.052  train return +15667.12%  loss 5.59e-05  maxQ +0.1885  changes  4458  2.4 min | val return -0.34% (best +8.24%)
episode  34/100  eps 0.048  train return +22343.65%  loss 5.64e-05  maxQ +0.1888  changes  4491  2.4 min | val return -20.63% (best +8.24%)
episode  35/100  eps 0.044  train return +14436.06%  loss 5.84e-05  maxQ +0.1839  changes  4519  2.5 min | val return -11.81% (best +8.24%)
episode  36/100  eps 0.040  train return +26186.69%  loss 6.03e-05  maxQ +0.1899  changes  4364  2.6 min | val return -13.57% (best +8.24%)
episode  37/100  eps 0.036  train return +31847.93%  loss 5.76e-05  maxQ +0.1952  changes  4360  2.7 min | val return -16.10% (best +8.24%)
episode  38/100  eps 0.033  train return +38501.65%  loss 5.94e-05  maxQ +0.1967  changes  4497  2.7 min | val return -20.78% (best +8.24%)
episode  39/100  eps 0.030  train return +48490.05%  loss 6.39e-05  maxQ +0.1964  changes  4237  2.8 min | val return -22.81% (best +8.24%)
episode  40/100  eps 0.028  train return +76092.97%  loss 6.28e-05  maxQ +0.1934  changes  4249  2.9 min | val return -20.36% (best +8.24%)
episode  41/100  eps 0.025  train return +106850.73%  loss 6.05e-05  maxQ +0.1906  changes  4171  3.0 min | val return -6.59% (best +8.24%)
episode  42/100  eps 0.023  train return +73883.39%  loss 6.41e-05  maxQ +0.1957  changes  4078  3.0 min | val return -25.77% (best +8.24%)
episode  43/100  eps 0.021  train return +101733.82%  loss 6.70e-05  maxQ +0.1961  changes  4138  3.1 min | val return -17.09% (best +8.24%)
episode  44/100  eps 0.019  train return +108950.17%  loss 6.76e-05  maxQ +0.2013  changes  4107  3.2 min | val return -18.22% (best +8.24%)
episode  45/100  eps 0.017  train return +166311.83%  loss 6.72e-05  maxQ +0.2067  changes  4258  3.2 min | val return -6.82% (best +8.24%)
episode  46/100  eps 0.016  train return +170517.72%  loss 6.54e-05  maxQ +0.2031  changes  4248  3.3 min | val return +10.13% (best +10.13%)
episode  47/100  eps 0.014  train return +258199.80%  loss 6.64e-05  maxQ +0.2037  changes  4271  3.4 min | val return -19.03% (best +10.13%)
episode  48/100  eps 0.013  train return +200956.07%  loss 6.59e-05  maxQ +0.2116  changes  4186  3.5 min | val return -20.47% (best +10.13%)
episode  49/100  eps 0.012  train return +241405.46%  loss 6.95e-05  maxQ +0.2102  changes  4171  3.5 min | val return -21.24% (best +10.13%)
episode  50/100  eps 0.011  train return +150129.19%  loss 6.20e-05  maxQ +0.2036  changes  4331  3.6 min | val return -13.87% (best +10.13%)
episode  51/100  eps 0.010  train return +378891.84%  loss 6.67e-05  maxQ +0.2065  changes  4336  3.7 min | val return -11.53% (best +10.13%)
episode  52/100  eps 0.010  train return +371639.68%  loss 6.80e-05  maxQ +0.2076  changes  4392  3.8 min | val return -30.97% (best +10.13%)
episode  53/100  eps 0.010  train return +421987.81%  loss 6.88e-05  maxQ +0.2105  changes  4436  3.8 min | val return -25.35% (best +10.13%)
episode  54/100  eps 0.010  train return +471695.73%  loss 6.62e-05  maxQ +0.2060  changes  4496  3.9 min | val return -16.92% (best +10.13%)
episode  55/100  eps 0.010  train return +233219.45%  loss 6.82e-05  maxQ +0.2094  changes  4452  4.0 min | val return -25.73% (best +10.13%)
episode  56/100  eps 0.010  train return +552703.84%  loss 6.82e-05  maxQ +0.2107  changes  4505  4.0 min | val return -17.79% (best +10.13%)
episode  57/100  eps 0.010  train return +316835.15%  loss 6.92e-05  maxQ +0.2148  changes  4478  4.1 min | val return -2.39% (best +10.13%)
episode  58/100  eps 0.010  train return +514310.17%  loss 6.62e-05  maxQ +0.2144  changes  4424  4.2 min | val return -23.84% (best +10.13%)
episode  59/100  eps 0.010  train return +636370.57%  loss 6.93e-05  maxQ +0.2139  changes  4502  4.2 min | val return -4.58% (best +10.13%)
episode  60/100  eps 0.010  train return +781112.51%  loss 6.99e-05  maxQ +0.2121  changes  4522  4.3 min | val return -13.66% (best +10.13%)
episode  61/100  eps 0.010  train return +629757.53%  loss 7.06e-05  maxQ +0.2108  changes  4421  4.4 min | val return -9.73% (best +10.13%)
episode  62/100  eps 0.010  train return +408474.14%  loss 7.17e-05  maxQ +0.2147  changes  4529  4.5 min | val return -12.33% (best +10.13%)
episode  63/100  eps 0.010  train return +444654.35%  loss 7.50e-05  maxQ +0.2208  changes  4582  4.5 min | val return -18.16% (best +10.13%)
episode  64/100  eps 0.010  train return +607423.21%  loss 7.21e-05  maxQ +0.2176  changes  4483  4.6 min | val return -14.85% (best +10.13%)
episode  65/100  eps 0.010  train return +649298.50%  loss 6.90e-05  maxQ +0.2194  changes  4678  4.7 min | val return -14.89% (best +10.13%)
episode  66/100  eps 0.010  train return +464584.55%  loss 7.93e-05  maxQ +0.2182  changes  4677  4.8 min | val return -8.26% (best +10.13%)
episode  67/100  eps 0.010  train return +423876.16%  loss 8.55e-05  maxQ +0.2229  changes  4569  4.8 min | val return -19.47% (best +10.13%)
episode  68/100  eps 0.010  train return +654088.85%  loss 7.81e-05  maxQ +0.2190  changes  4729  4.9 min | val return -37.24% (best +10.13%)
episode  69/100  eps 0.010  train return +531749.88%  loss 7.78e-05  maxQ +0.2200  changes  4661  5.0 min | val return -19.89% (best +10.13%)
episode  70/100  eps 0.010  train return +551901.10%  loss 7.39e-05  maxQ +0.2211  changes  4749  5.0 min | val return -24.20% (best +10.13%)
episode  71/100  eps 0.010  train return +518910.26%  loss 7.95e-05  maxQ +0.2296  changes  4757  5.1 min | val return -21.38% (best +10.13%)
episode  72/100  eps 0.010  train return +1069207.09%  loss 7.49e-05  maxQ +0.2302  changes  4826  5.2 min | val return -25.78% (best +10.13%)
episode  73/100  eps 0.010  train return +1008167.40%  loss 7.28e-05  maxQ +0.2286  changes  4774  5.3 min | val return -18.81% (best +10.13%)
episode  74/100  eps 0.010  train return +1005205.30%  loss 7.57e-05  maxQ +0.2285  changes  4733  5.3 min | val return -29.10% (best +10.13%)
episode  75/100  eps 0.010  train return +1174516.50%  loss 7.29e-05  maxQ +0.2290  changes  4700  5.4 min | val return -23.53% (best +10.13%)
episode  76/100  eps 0.010  train return +747756.95%  loss 7.39e-05  maxQ +0.2300  changes  4711  5.5 min | val return -37.80% (best +10.13%)
episode  77/100  eps 0.010  train return +852350.19%  loss 7.46e-05  maxQ +0.2341  changes  4636  5.6 min | val return -18.49% (best +10.13%)
episode  78/100  eps 0.010  train return +1007542.49%  loss 7.59e-05  maxQ +0.2253  changes  4746  5.6 min | val return -15.63% (best +10.13%)
episode  79/100  eps 0.010  train return +771460.84%  loss 7.41e-05  maxQ +0.2253  changes  4733  5.7 min | val return -18.99% (best +10.13%)
episode  80/100  eps 0.010  train return +916954.96%  loss 7.58e-05  maxQ +0.2256  changes  4774  5.8 min | val return -21.32% (best +10.13%)
episode  81/100  eps 0.010  train return +1544458.83%  loss 7.26e-05  maxQ +0.2249  changes  4744  5.9 min | val return -27.88% (best +10.13%)
episode  82/100  eps 0.010  train return +1661462.28%  loss 7.51e-05  maxQ +0.2267  changes  4683  5.9 min | val return -10.35% (best +10.13%)
episode  83/100  eps 0.010  train return +1137449.16%  loss 8.34e-05  maxQ +0.2324  changes  4663  6.0 min | val return -33.75% (best +10.13%)
episode  84/100  eps 0.010  train return +945970.35%  loss 7.97e-05  maxQ +0.2304  changes  4723  6.1 min | val return -30.23% (best +10.13%)
episode  85/100  eps 0.010  train return +1104484.52%  loss 7.49e-05  maxQ +0.2272  changes  4746  6.1 min | val return -11.71% (best +10.13%)
episode  86/100  eps 0.010  train return +1075568.46%  loss 7.96e-05  maxQ +0.2322  changes  4658  6.2 min | val return -12.69% (best +10.13%)
episode  87/100  eps 0.010  train return +1173483.38%  loss 7.91e-05  maxQ +0.2318  changes  4703  6.3 min | val return -3.88% (best +10.13%)
episode  88/100  eps 0.010  train return +1149175.20%  loss 8.10e-05  maxQ +0.2287  changes  4733  6.3 min | val return -10.20% (best +10.13%)
episode  89/100  eps 0.010  train return +1019561.06%  loss 7.49e-05  maxQ +0.2240  changes  4727  6.4 min | val return -13.84% (best +10.13%)
episode  90/100  eps 0.010  train return +1317679.18%  loss 7.63e-05  maxQ +0.2230  changes  4746  6.5 min | val return -10.66% (best +10.13%)
episode  91/100  eps 0.010  train return +1025904.69%  loss 7.85e-05  maxQ +0.2265  changes  4649  6.5 min | val return +6.71% (best +10.13%)
episode  92/100  eps 0.010  train return +688605.18%  loss 8.17e-05  maxQ +0.2281  changes  4657  6.6 min | val return -29.26% (best +10.13%)
episode  93/100  eps 0.010  train return +716865.79%  loss 7.91e-05  maxQ +0.2281  changes  4634  6.6 min | val return -4.88% (best +10.13%)
episode  94/100  eps 0.010  train return +1150989.14%  loss 7.84e-05  maxQ +0.2308  changes  4655  6.7 min | val return -8.69% (best +10.13%)
episode  95/100  eps 0.010  train return +1379757.33%  loss 8.20e-05  maxQ +0.2298  changes  4717  6.8 min | val return -3.49% (best +10.13%)
episode  96/100  eps 0.010  train return +1329278.05%  loss 7.88e-05  maxQ +0.2240  changes  4735  6.8 min | val return -25.23% (best +10.13%)
episode  97/100  eps 0.010  train return +1268884.30%  loss 7.85e-05  maxQ +0.2268  changes  4732  6.9 min | val return -11.43% (best +10.13%)
episode  98/100  eps 0.010  train return +2238456.76%  loss 7.85e-05  maxQ +0.2243  changes  4742  6.9 min | val return -26.79% (best +10.13%)
episode  99/100  eps 0.010  train return +1560999.11%  loss 8.18e-05  maxQ +0.2270  changes  4737  7.0 min | val return -26.73% (best +10.13%)
episode 100/100  eps 0.010  train return +1764319.71%  loss 8.15e-05  maxQ +0.2277  changes  4744  7.1 min | val return -23.40% (best +10.13%)
model    env  portfolio_return  excess_return  n_changes
 last    val         -0.234015      -0.191397      988.9
 last val_w1         -0.133067      -0.106151      512.9
 last val_w2         -0.113107      -0.097673      489.7
 best    val          0.100493       0.143111      743.7
 best val_w1          0.095988       0.122904      402.7
 best val_w2         -0.012477       0.002957      350.3
