Downloaded data: 9,672 candles, 2025-08-10 00:00:00+00:00 to 2026-09-16 23:00:00+00:00; no missing hours
dev_train: 7,296 candles, 2025-08-17 00:00:00+00:00 to 2026-06-16 23:00:00+00:00; no missing hours
val: 1,464 candles, 2026-06-17 00:00:00+00:00 to 2026-08-16 23:00:00+00:00; no missing hours
eval: 744 candles, 2026-08-17 00:00:00+00:00 to 2026-09-16 23:00:00+00:00; no missing hours
episode   1/100  eps 1.000  train return  -64.50%  loss 3.69e-05  maxQ +0.1363  changes  5745  0.1 min | val return -16.20% (best -16.20%)
episode   2/100  eps 0.912  train return  -62.40%  loss 2.94e-05  maxQ +0.1583  changes  5823  0.1 min | val return -8.28% (best -8.28%)
episode   3/100  eps 0.832  train return  -58.57%  loss 3.13e-05  maxQ +0.1823  changes  5818  0.2 min | val return -3.52% (best -3.52%)
episode   4/100  eps 0.759  train return  -71.56%  loss 3.20e-05  maxQ +0.1893  changes  5620  0.3 min | val return -11.32% (best -3.52%)
episode   5/100  eps 0.692  train return  -75.98%  loss 3.21e-05  maxQ +0.1870  changes  5534  0.3 min | val return -12.88% (best -3.52%)
episode   6/100  eps 0.631  train return  -56.45%  loss 3.26e-05  maxQ +0.1947  changes  5310  0.4 min | val return -12.87% (best -3.52%)
episode   7/100  eps 0.575  train return  -77.97%  loss 3.30e-05  maxQ +0.1863  changes  5340  0.5 min | val return -6.15% (best -3.52%)
episode   8/100  eps 0.525  train return  -70.83%  loss 3.25e-05  maxQ +0.1734  changes  5187  0.5 min | val return -15.02% (best -3.52%)
episode   9/100  eps 0.479  train return  -67.27%  loss 3.33e-05  maxQ +0.1656  changes  5035  0.6 min | val return -13.65% (best -3.52%)
episode  10/100  eps 0.436  train return  -37.44%  loss 3.35e-05  maxQ +0.1613  changes  4793  0.7 min | val return -8.53% (best -3.52%)
episode  11/100  eps 0.398  train return  -53.76%  loss 3.33e-05  maxQ +0.1472  changes  4520  0.8 min | val return -0.77% (best -0.77%)
episode  12/100  eps 0.363  train return  -62.87%  loss 3.27e-05  maxQ +0.1401  changes  4532  0.8 min | val return +3.57% (best +3.57%)
episode  13/100  eps 0.331  train return  -54.85%  loss 3.26e-05  maxQ +0.1333  changes  4161  0.9 min | val return -5.68% (best +3.57%)
episode  14/100  eps 0.302  train return  -60.34%  loss 3.15e-05  maxQ +0.1231  changes  4130  1.0 min | val return -9.30% (best +3.57%)
episode  15/100  eps 0.275  train return  -61.34%  loss 3.16e-05  maxQ +0.1165  changes  3929  1.0 min | val return -6.42% (best +3.57%)
episode  16/100  eps 0.251  train return  -35.40%  loss 3.15e-05  maxQ +0.1066  changes  3851  1.1 min | val return -12.35% (best +3.57%)
episode  17/100  eps 0.229  train return   +8.39%  loss 3.20e-05  maxQ +0.1010  changes  3517  1.2 min | val return -0.15% (best +3.57%)
episode  18/100  eps 0.209  train return  -68.10%  loss 3.24e-05  maxQ +0.0929  changes  3494  1.2 min | val return +2.11% (best +3.57%)
episode  19/100  eps 0.191  train return  -33.71%  loss 3.27e-05  maxQ +0.0852  changes  3123  1.3 min | val return -5.45% (best +3.57%)
episode  20/100  eps 0.174  train return  -79.82%  loss 3.25e-05  maxQ +0.0792  changes  2867  1.4 min | val return -1.31% (best +3.57%)
episode  21/100  eps 0.158  train return  -59.06%  loss 3.36e-05  maxQ +0.0774  changes  3176  1.4 min | val return -20.38% (best +3.57%)
episode  22/100  eps 0.145  train return  -44.58%  loss 3.45e-05  maxQ +0.0717  changes  3000  1.5 min | val return -0.94% (best +3.57%)
episode  23/100  eps 0.132  train return  -62.87%  loss 3.55e-05  maxQ +0.0745  changes  2612  1.6 min | val return -9.20% (best +3.57%)
episode  24/100  eps 0.120  train return  -55.04%  loss 3.53e-05  maxQ +0.0664  changes  2621  1.7 min | val return -9.68% (best +3.57%)
episode  25/100  eps 0.110  train return  -49.22%  loss 3.59e-05  maxQ +0.0615  changes  2597  1.7 min | val return -7.71% (best +3.57%)
episode  26/100  eps 0.100  train return  -56.32%  loss 3.53e-05  maxQ +0.0569  changes  2539  1.8 min | val return -1.59% (best +3.57%)
episode  27/100  eps 0.091  train return  -47.75%  loss 3.57e-05  maxQ +0.0509  changes  2285  1.9 min | val return +6.56% (best +6.56%)
episode  28/100  eps 0.083  train return  -43.67%  loss 3.44e-05  maxQ +0.0505  changes  2001  1.9 min | val return -8.11% (best +6.56%)
episode  29/100  eps 0.076  train return  -74.29%  loss 3.33e-05  maxQ +0.0483  changes  1930  2.0 min | val return -1.66% (best +6.56%)
episode  30/100  eps 0.069  train return  +14.61%  loss 3.16e-05  maxQ +0.0459  changes  1947  2.1 min | val return +4.73% (best +6.56%)
episode  31/100  eps 0.063  train return  -21.20%  loss 3.03e-05  maxQ +0.0456  changes  2143  2.2 min | val return -5.49% (best +6.56%)
episode  32/100  eps 0.058  train return  -45.67%  loss 2.99e-05  maxQ +0.0434  changes  2452  2.2 min | val return +6.66% (best +6.66%)
episode  33/100  eps 0.052  train return  -38.79%  loss 2.99e-05  maxQ +0.0432  changes  2309  2.3 min | val return +11.17% (best +11.17%)
episode  34/100  eps 0.048  train return  +96.67%  loss 2.94e-05  maxQ +0.0455  changes  2316  2.4 min | val return -25.89% (best +11.17%)
episode  35/100  eps 0.044  train return  -20.11%  loss 2.93e-05  maxQ +0.0463  changes  2720  2.4 min | val return +9.20% (best +11.17%)
episode  36/100  eps 0.040  train return  -38.66%  loss 2.90e-05  maxQ +0.0466  changes  2472  2.5 min | val return +29.44% (best +29.44%)
episode  37/100  eps 0.036  train return  -40.05%  loss 2.93e-05  maxQ +0.0441  changes  2012  2.6 min | val return -4.34% (best +29.44%)
episode  38/100  eps 0.033  train return  -15.53%  loss 2.98e-05  maxQ +0.0460  changes  2135  2.7 min | val return +6.05% (best +29.44%)
episode  39/100  eps 0.030  train return  -31.28%  loss 2.87e-05  maxQ +0.0429  changes  2025  2.7 min | val return -21.05% (best +29.44%)
episode  40/100  eps 0.028  train return  -42.28%  loss 2.72e-05  maxQ +0.0415  changes  2382  2.8 min | val return -2.13% (best +29.44%)
episode  41/100  eps 0.025  train return  -28.81%  loss 2.63e-05  maxQ +0.0411  changes  2474  2.9 min | val return +10.74% (best +29.44%)
episode  42/100  eps 0.023  train return  -30.40%  loss 2.59e-05  maxQ +0.0405  changes  2330  2.9 min | val return +2.52% (best +29.44%)
episode  43/100  eps 0.021  train return  +62.74%  loss 2.47e-05  maxQ +0.0423  changes  2288  3.0 min | val return +0.70% (best +29.44%)
episode  44/100  eps 0.019  train return  +24.40%  loss 2.37e-05  maxQ +0.0412  changes  2149  3.1 min | val return +7.49% (best +29.44%)
episode  45/100  eps 0.017  train return  -42.04%  loss 2.27e-05  maxQ +0.0403  changes  2242  3.1 min | val return -0.72% (best +29.44%)
episode  46/100  eps 0.016  train return  +23.82%  loss 2.23e-05  maxQ +0.0376  changes  1771  3.2 min | val return -5.96% (best +29.44%)
episode  47/100  eps 0.014  train return  +12.37%  loss 2.19e-05  maxQ +0.0356  changes  1630  3.3 min | val return -0.59% (best +29.44%)
episode  48/100  eps 0.013  train return  -17.62%  loss 2.16e-05  maxQ +0.0353  changes  1993  3.4 min | val return -6.30% (best +29.44%)
episode  49/100  eps 0.012  train return  -12.70%  loss 2.12e-05  maxQ +0.0344  changes  2030  3.4 min | val return -15.08% (best +29.44%)
episode  50/100  eps 0.011  train return  +21.27%  loss 2.13e-05  maxQ +0.0347  changes  2129  3.5 min | val return +4.34% (best +29.44%)
episode  51/100  eps 0.010  train return  -18.75%  loss 2.17e-05  maxQ +0.0328  changes  2385  3.6 min | val return -2.44% (best +29.44%)
episode  52/100  eps 0.010  train return  -16.41%  loss 2.14e-05  maxQ +0.0312  changes  1887  3.6 min | val return -20.36% (best +29.44%)
episode  53/100  eps 0.010  train return  +23.79%  loss 2.11e-05  maxQ +0.0313  changes  1907  3.7 min | val return -1.47% (best +29.44%)
episode  54/100  eps 0.010  train return  +19.45%  loss 2.15e-05  maxQ +0.0320  changes  1744  3.8 min | val return +3.68% (best +29.44%)
episode  55/100  eps 0.010  train return  +58.25%  loss 2.17e-05  maxQ +0.0322  changes  1499  3.8 min | val return -10.22% (best +29.44%)
episode  56/100  eps 0.010  train return  +45.98%  loss 2.20e-05  maxQ +0.0342  changes  1341  3.9 min | val return +2.28% (best +29.44%)
episode  57/100  eps 0.010  train return   -0.35%  loss 2.20e-05  maxQ +0.0333  changes  1279  4.0 min | val return +6.96% (best +29.44%)
episode  58/100  eps 0.010  train return  +91.93%  loss 2.12e-05  maxQ +0.0338  changes  1753  4.0 min | val return -11.71% (best +29.44%)
episode  59/100  eps 0.010  train return  +28.57%  loss 2.13e-05  maxQ +0.0352  changes  1959  4.1 min | val return -3.30% (best +29.44%)
episode  60/100  eps 0.010  train return  -41.66%  loss 2.17e-05  maxQ +0.0354  changes  1942  4.2 min | val return +8.94% (best +29.44%)
episode  61/100  eps 0.010  train return  +10.62%  loss 2.22e-05  maxQ +0.0342  changes  1575  4.2 min | val return +11.48% (best +29.44%)
episode  62/100  eps 0.010  train return   -0.40%  loss 2.28e-05  maxQ +0.0346  changes  1570  4.3 min | val return +3.48% (best +29.44%)
episode  63/100  eps 0.010  train return  +44.75%  loss 2.39e-05  maxQ +0.0338  changes  1557  4.4 min | val return -15.61% (best +29.44%)
episode  64/100  eps 0.010  train return  +50.07%  loss 2.46e-05  maxQ +0.0345  changes  1728  4.4 min | val return -2.37% (best +29.44%)
episode  65/100  eps 0.010  train return  +40.83%  loss 2.63e-05  maxQ +0.0339  changes  1622  4.5 min | val return -11.75% (best +29.44%)
episode  66/100  eps 0.010  train return  +79.71%  loss 2.75e-05  maxQ +0.0336  changes  1821  4.6 min | val return -12.98% (best +29.44%)
episode  67/100  eps 0.010  train return  +35.03%  loss 2.75e-05  maxQ +0.0341  changes  1674  4.6 min | val return -10.29% (best +29.44%)
episode  68/100  eps 0.010  train return  +75.92%  loss 2.87e-05  maxQ +0.0348  changes  1278  4.7 min | val return -3.44% (best +29.44%)
episode  69/100  eps 0.010  train return   -9.81%  loss 2.92e-05  maxQ +0.0353  changes  1407  4.8 min | val return -17.12% (best +29.44%)
episode  70/100  eps 0.010  train return   +5.72%  loss 2.91e-05  maxQ +0.0366  changes  1448  4.9 min | val return +10.45% (best +29.44%)
episode  71/100  eps 0.010  train return  -38.58%  loss 2.86e-05  maxQ +0.0366  changes  1535  4.9 min | val return -19.15% (best +29.44%)
episode  72/100  eps 0.010  train return  -42.70%  loss 2.89e-05  maxQ +0.0356  changes  1712  5.0 min | val return -3.03% (best +29.44%)
episode  73/100  eps 0.010  train return   +7.41%  loss 2.89e-05  maxQ +0.0347  changes  2199  5.1 min | val return +12.04% (best +29.44%)
episode  74/100  eps 0.010  train return  +40.82%  loss 2.88e-05  maxQ +0.0352  changes  2091  5.1 min | val return +35.01% (best +35.01%)
episode  75/100  eps 0.010  train return  +43.46%  loss 2.82e-05  maxQ +0.0347  changes  2311  5.2 min | val return -1.42% (best +35.01%)
episode  76/100  eps 0.010  train return  +14.88%  loss 2.73e-05  maxQ +0.0354  changes  2118  5.3 min | val return -3.53% (best +35.01%)
episode  77/100  eps 0.010  train return +142.87%  loss 2.63e-05  maxQ +0.0346  changes  1710  5.3 min | val return -15.14% (best +35.01%)
episode  78/100  eps 0.010  train return +279.95%  loss 2.63e-05  maxQ +0.0356  changes  1761  5.4 min | val return -26.38% (best +35.01%)
episode  79/100  eps 0.010  train return  +31.41%  loss 2.67e-05  maxQ +0.0365  changes  1952  5.5 min | val return -3.19% (best +35.01%)
episode  80/100  eps 0.010  train return   +8.58%  loss 2.80e-05  maxQ +0.0379  changes  1398  5.5 min | val return +1.35% (best +35.01%)
episode  81/100  eps 0.010  train return   +9.85%  loss 2.95e-05  maxQ +0.0379  changes  1213  5.6 min | val return +9.40% (best +35.01%)
episode  82/100  eps 0.010  train return  +49.55%  loss 2.91e-05  maxQ +0.0375  changes  1397  5.7 min | val return +10.75% (best +35.01%)
episode  83/100  eps 0.010  train return  +57.66%  loss 3.03e-05  maxQ +0.0382  changes  1320  5.7 min | val return +3.69% (best +35.01%)
episode  84/100  eps 0.010  train return  -11.61%  loss 3.06e-05  maxQ +0.0362  changes  1227  5.8 min | val return +5.42% (best +35.01%)
episode  85/100  eps 0.010  train return +108.39%  loss 3.11e-05  maxQ +0.0354  changes  1350  5.9 min | val return -4.39% (best +35.01%)
episode  86/100  eps 0.010  train return  +60.03%  loss 3.04e-05  maxQ +0.0361  changes  1194  5.9 min | val return -0.36% (best +35.01%)
episode  87/100  eps 0.010  train return  -22.11%  loss 2.94e-05  maxQ +0.0354  changes  1254  6.0 min | val return +3.20% (best +35.01%)
episode  88/100  eps 0.010  train return +123.06%  loss 3.00e-05  maxQ +0.0357  changes  1084  6.1 min | val return +8.48% (best +35.01%)
episode  89/100  eps 0.010  train return +149.06%  loss 2.99e-05  maxQ +0.0358  changes  1330  6.1 min | val return -10.20% (best +35.01%)
episode  90/100  eps 0.010  train return  +46.16%  loss 2.96e-05  maxQ +0.0368  changes  1377  6.2 min | val return -1.60% (best +35.01%)
episode  91/100  eps 0.010  train return +251.90%  loss 3.04e-05  maxQ +0.0375  changes  1109  6.3 min | val return -6.07% (best +35.01%)
episode  92/100  eps 0.010  train return +106.50%  loss 2.92e-05  maxQ +0.0365  changes  1382  6.3 min | val return -3.82% (best +35.01%)
episode  93/100  eps 0.010  train return  +79.82%  loss 2.92e-05  maxQ +0.0383  changes  1455  6.4 min | val return -3.08% (best +35.01%)
episode  94/100  eps 0.010  train return +200.27%  loss 2.87e-05  maxQ +0.0396  changes  1362  6.5 min | val return -0.77% (best +35.01%)
episode  95/100  eps 0.010  train return +124.73%  loss 2.85e-05  maxQ +0.0412  changes  1645  6.5 min | val return -4.67% (best +35.01%)
episode  96/100  eps 0.010  train return  +86.54%  loss 2.96e-05  maxQ +0.0425  changes  1843  6.6 min | val return -18.78% (best +35.01%)
episode  97/100  eps 0.010  train return +172.15%  loss 2.96e-05  maxQ +0.0446  changes  1721  6.7 min | val return +2.84% (best +35.01%)
episode  98/100  eps 0.010  train return  +61.75%  loss 3.09e-05  maxQ +0.0457  changes  1617  6.7 min | val return +2.20% (best +35.01%)
episode  99/100  eps 0.010  train return +160.64%  loss 3.16e-05  maxQ +0.0439  changes  1533  6.8 min | val return +6.90% (best +35.01%)
episode 100/100  eps 0.010  train return +264.01%  loss 3.16e-05  maxQ +0.0441  changes  1381  6.9 min | val return -6.33% (best +35.01%)
model    env  portfolio_return  excess_return  n_changes
 last    val         -0.063276      -0.020658      211.6
 last val_w1         -0.101325      -0.074409      100.6
 last val_w2          0.043006       0.058439      111.6
 best    val          0.350102       0.392720      514.1
 best val_w1          0.252847       0.279762      290.1
 best val_w2          0.115423       0.130856      237.1
