Downloaded data: 9,672 candles, 2025-08-10 00:00:00+00:00 to 2026-09-16 23:00:00+00:00; no missing hours
dev_train: 7,296 candles, 2025-08-17 00:00:00+00:00 to 2026-06-16 23:00:00+00:00; no missing hours
val: 1,464 candles, 2026-06-17 00:00:00+00:00 to 2026-08-16 23:00:00+00:00; no missing hours
eval: 744 candles, 2026-08-17 00:00:00+00:00 to 2026-09-16 23:00:00+00:00; no missing hours
episode   1/100  eps 1.000  train return  -61.53%  loss 5.63e-05  maxQ +0.1684  changes  5848  0.1 min | val return +1.09% (best +1.09%)
episode   2/100  eps 0.912  train return  -76.76%  loss 2.87e-05  maxQ +0.1774  changes  5855  0.1 min | val return -2.21% (best +1.09%)
episode   3/100  eps 0.832  train return  -66.28%  loss 3.05e-05  maxQ +0.2014  changes  5713  0.2 min | val return -15.95% (best +1.09%)
episode   4/100  eps 0.759  train return  -73.07%  loss 3.23e-05  maxQ +0.1984  changes  5652  0.3 min | val return -45.29% (best +1.09%)
episode   5/100  eps 0.692  train return  -76.99%  loss 3.22e-05  maxQ +0.1968  changes  5544  0.3 min | val return -2.93% (best +1.09%)
episode   6/100  eps 0.631  train return  -56.45%  loss 3.25e-05  maxQ +0.1935  changes  5356  0.4 min | val return -8.53% (best +1.09%)
episode   7/100  eps 0.575  train return  -77.10%  loss 3.25e-05  maxQ +0.1884  changes  5159  0.5 min | val return +10.11% (best +10.11%)
episode   8/100  eps 0.525  train return  -52.17%  loss 3.27e-05  maxQ +0.1806  changes  4991  0.5 min | val return -8.38% (best +10.11%)
episode   9/100  eps 0.479  train return  -53.78%  loss 3.48e-05  maxQ +0.1776  changes  4740  0.6 min | val return +25.59% (best +25.59%)
episode  10/100  eps 0.436  train return  -53.95%  loss 3.46e-05  maxQ +0.1665  changes  4531  0.7 min | val return +35.91% (best +35.91%)
episode  11/100  eps 0.398  train return  -62.29%  loss 3.44e-05  maxQ +0.1521  changes  4384  0.8 min | val return -8.61% (best +35.91%)
episode  12/100  eps 0.363  train return  -55.68%  loss 3.51e-05  maxQ +0.1414  changes  4274  0.8 min | val return +16.44% (best +35.91%)
episode  13/100  eps 0.331  train return  -74.86%  loss 3.47e-05  maxQ +0.1350  changes  4039  0.9 min | val return -8.53% (best +35.91%)
episode  14/100  eps 0.302  train return  +10.85%  loss 3.45e-05  maxQ +0.1267  changes  3813  1.0 min | val return -8.53% (best +35.91%)
episode  15/100  eps 0.275  train return  -60.55%  loss 3.45e-05  maxQ +0.1203  changes  3822  1.0 min | val return -1.08% (best +35.91%)
episode  16/100  eps 0.251  train return  -78.97%  loss 3.49e-05  maxQ +0.1201  changes  3625  1.1 min | val return -4.25% (best +35.91%)
episode  17/100  eps 0.229  train return  -72.92%  loss 3.59e-05  maxQ +0.1104  changes  3451  1.2 min | val return -2.80% (best +35.91%)
episode  18/100  eps 0.209  train return  -63.38%  loss 3.56e-05  maxQ +0.1013  changes  3305  1.2 min | val return +1.78% (best +35.91%)
episode  19/100  eps 0.191  train return  -47.58%  loss 3.44e-05  maxQ +0.0938  changes  3210  1.3 min | val return -8.53% (best +35.91%)
episode  20/100  eps 0.174  train return  -23.07%  loss 3.48e-05  maxQ +0.0849  changes  3164  1.4 min | val return -3.33% (best +35.91%)
episode  21/100  eps 0.158  train return  -81.59%  loss 3.46e-05  maxQ +0.0801  changes  2913  1.4 min | val return +12.86% (best +35.91%)
episode  22/100  eps 0.145  train return  -51.19%  loss 3.43e-05  maxQ +0.0721  changes  2730  1.5 min | val return -12.36% (best +35.91%)
episode  23/100  eps 0.132  train return  -35.65%  loss 3.28e-05  maxQ +0.0735  changes  2849  1.6 min | val return -10.48% (best +35.91%)
episode  24/100  eps 0.120  train return   -5.56%  loss 3.11e-05  maxQ +0.0678  changes  2807  1.6 min | val return -12.50% (best +35.91%)
episode  25/100  eps 0.110  train return  -21.20%  loss 3.02e-05  maxQ +0.0660  changes  2671  1.7 min | val return +3.17% (best +35.91%)
episode  26/100  eps 0.100  train return  -38.79%  loss 2.94e-05  maxQ +0.0623  changes  2496  1.8 min | val return +4.57% (best +35.91%)
episode  27/100  eps 0.091  train return  -17.13%  loss 2.89e-05  maxQ +0.0618  changes  2714  1.9 min | val return -26.34% (best +35.91%)
episode  28/100  eps 0.083  train return  -62.19%  loss 2.76e-05  maxQ +0.0675  changes  2551  1.9 min | val return +17.89% (best +35.91%)
episode  29/100  eps 0.076  train return   -0.92%  loss 2.72e-05  maxQ +0.0624  changes  2411  2.0 min | val return +8.77% (best +35.91%)
episode  30/100  eps 0.069  train return  -11.12%  loss 2.79e-05  maxQ +0.0588  changes  2406  2.1 min | val return +2.33% (best +35.91%)
episode  31/100  eps 0.063  train return  -68.45%  loss 2.93e-05  maxQ +0.0569  changes  2336  2.2 min | val return -8.53% (best +35.91%)
episode  32/100  eps 0.058  train return  -65.35%  loss 3.04e-05  maxQ +0.0530  changes  2284  2.2 min | val return +0.84% (best +35.91%)
episode  33/100  eps 0.052  train return  -61.53%  loss 3.12e-05  maxQ +0.0506  changes  2482  2.3 min | val return -29.92% (best +35.91%)
episode  34/100  eps 0.048  train return   -0.47%  loss 3.12e-05  maxQ +0.0500  changes  2101  2.4 min | val return -32.69% (best +35.91%)
episode  35/100  eps 0.044  train return  -31.01%  loss 3.12e-05  maxQ +0.0475  changes  2136  2.4 min | val return +8.59% (best +35.91%)
episode  36/100  eps 0.040  train return  +55.90%  loss 3.03e-05  maxQ +0.0454  changes  1915  2.5 min | val return +3.40% (best +35.91%)
episode  37/100  eps 0.036  train return  -14.57%  loss 2.95e-05  maxQ +0.0431  changes  2029  2.6 min | val return -2.08% (best +35.91%)
episode  38/100  eps 0.033  train return  -65.72%  loss 2.93e-05  maxQ +0.0415  changes  1990  2.7 min | val return -3.17% (best +35.91%)
episode  39/100  eps 0.030  train return  +57.34%  loss 2.89e-05  maxQ +0.0411  changes  1939  2.7 min | val return -10.47% (best +35.91%)
episode  40/100  eps 0.028  train return  -71.59%  loss 2.89e-05  maxQ +0.0407  changes  1816  2.8 min | val return +5.15% (best +35.91%)
episode  41/100  eps 0.025  train return   -3.13%  loss 2.89e-05  maxQ +0.0400  changes  1687  2.9 min | val return +7.62% (best +35.91%)
episode  42/100  eps 0.023  train return  -17.54%  loss 2.95e-05  maxQ +0.0376  changes  1836  3.0 min | val return -5.14% (best +35.91%)
episode  43/100  eps 0.021  train return   +5.89%  loss 2.96e-05  maxQ +0.0364  changes  1870  3.0 min | val return -15.59% (best +35.91%)
episode  44/100  eps 0.019  train return  +76.38%  loss 2.93e-05  maxQ +0.0347  changes  1784  3.1 min | val return +2.76% (best +35.91%)
episode  45/100  eps 0.017  train return  -65.02%  loss 2.90e-05  maxQ +0.0330  changes  1607  3.2 min | val return -1.21% (best +35.91%)
episode  46/100  eps 0.016  train return  +22.69%  loss 2.89e-05  maxQ +0.0325  changes  1638  3.2 min | val return -33.86% (best +35.91%)
episode  47/100  eps 0.014  train return  +24.21%  loss 2.83e-05  maxQ +0.0331  changes  1457  3.3 min | val return -1.72% (best +35.91%)
episode  48/100  eps 0.013  train return  +45.52%  loss 2.83e-05  maxQ +0.0339  changes  1784  3.4 min | val return -6.75% (best +35.91%)
episode  49/100  eps 0.012  train return  -18.68%  loss 2.92e-05  maxQ +0.0360  changes  1774  3.4 min | val return -3.53% (best +35.91%)
episode  50/100  eps 0.011  train return  -36.98%  loss 2.92e-05  maxQ +0.0345  changes  2106  3.5 min | val return -4.60% (best +35.91%)
episode  51/100  eps 0.010  train return  -34.92%  loss 2.91e-05  maxQ +0.0357  changes  2470  3.6 min | val return -0.86% (best +35.91%)
episode  52/100  eps 0.010  train return  +85.43%  loss 2.92e-05  maxQ +0.0370  changes  2544  3.6 min | val return +3.88% (best +35.91%)
episode  53/100  eps 0.010  train return  -70.38%  loss 2.84e-05  maxQ +0.0367  changes  2265  3.7 min | val return -6.39% (best +35.91%)
episode  54/100  eps 0.010  train return  -20.20%  loss 2.76e-05  maxQ +0.0334  changes  1863  3.8 min | val return +8.45% (best +35.91%)
episode  55/100  eps 0.010  train return  -25.33%  loss 2.74e-05  maxQ +0.0322  changes  1416  3.8 min | val return +1.51% (best +35.91%)
episode  56/100  eps 0.010  train return +110.71%  loss 2.66e-05  maxQ +0.0295  changes  1341  3.9 min | val return -20.57% (best +35.91%)
episode  57/100  eps 0.010  train return   -2.15%  loss 2.69e-05  maxQ +0.0291  changes  1112  4.0 min | val return +8.20% (best +35.91%)
episode  58/100  eps 0.010  train return  +81.16%  loss 2.75e-05  maxQ +0.0292  changes  1087  4.1 min | val return -16.64% (best +35.91%)
episode  59/100  eps 0.010  train return  +39.22%  loss 2.71e-05  maxQ +0.0289  changes  1164  4.1 min | val return +9.60% (best +35.91%)
episode  60/100  eps 0.010  train return   -4.69%  loss 2.76e-05  maxQ +0.0300  changes  1406  4.2 min | val return -8.53% (best +35.91%)
episode  61/100  eps 0.010  train return  +13.23%  loss 2.91e-05  maxQ +0.0313  changes  1259  4.3 min | val return +1.55% (best +35.91%)
episode  62/100  eps 0.010  train return  -33.93%  loss 2.96e-05  maxQ +0.0323  changes  1329  4.3 min | val return +0.65% (best +35.91%)
episode  63/100  eps 0.010  train return  -16.84%  loss 3.02e-05  maxQ +0.0314  changes  1312  4.4 min | val return -4.77% (best +35.91%)
episode  64/100  eps 0.010  train return  +14.26%  loss 2.91e-05  maxQ +0.0309  changes  1255  4.5 min | val return +5.42% (best +35.91%)
episode  65/100  eps 0.010  train return  -24.35%  loss 2.78e-05  maxQ +0.0313  changes  1977  4.5 min | val return +2.44% (best +35.91%)
episode  66/100  eps 0.010  train return  -56.01%  loss 2.80e-05  maxQ +0.0299  changes  1342  4.6 min | val return +13.66% (best +35.91%)
episode  67/100  eps 0.010  train return  -41.44%  loss 2.72e-05  maxQ +0.0298  changes  1206  4.7 min | val return -5.28% (best +35.91%)
episode  68/100  eps 0.010  train return +100.89%  loss 2.53e-05  maxQ +0.0294  changes  1179  4.7 min | val return +1.08% (best +35.91%)
episode  69/100  eps 0.010  train return  +12.06%  loss 2.32e-05  maxQ +0.0285  changes  1078  4.8 min | val return +5.10% (best +35.91%)
episode  70/100  eps 0.010  train return  -65.17%  loss 2.24e-05  maxQ +0.0295  changes  1059  4.9 min | val return +1.04% (best +35.91%)
episode  71/100  eps 0.010  train return  +84.25%  loss 2.33e-05  maxQ +0.0272  changes  1034  4.9 min | val return +11.14% (best +35.91%)
episode  72/100  eps 0.010  train return  -10.35%  loss 2.40e-05  maxQ +0.0264  changes  1033  5.0 min | val return +0.32% (best +35.91%)
episode  73/100  eps 0.010  train return  +23.69%  loss 2.38e-05  maxQ +0.0293  changes  1145  5.1 min | val return -21.79% (best +35.91%)
episode  74/100  eps 0.010  train return  +18.67%  loss 2.49e-05  maxQ +0.0298  changes  1523  5.2 min | val return +2.91% (best +35.91%)
episode  75/100  eps 0.010  train return  +39.31%  loss 2.57e-05  maxQ +0.0303  changes  1203  5.2 min | val return +0.00% (best +35.91%)
episode  76/100  eps 0.010  train return  +33.16%  loss 2.73e-05  maxQ +0.0294  changes   942  5.3 min | val return -5.02% (best +35.91%)
episode  77/100  eps 0.010  train return  -58.18%  loss 2.63e-05  maxQ +0.0317  changes   946  5.4 min | val return +1.19% (best +35.91%)
episode  78/100  eps 0.010  train return  -52.45%  loss 2.84e-05  maxQ +0.0344  changes  1666  5.4 min | val return -2.16% (best +35.91%)
episode  79/100  eps 0.010  train return  -15.08%  loss 3.12e-05  maxQ +0.0354  changes  2456  5.5 min | val return -5.57% (best +35.91%)
episode  80/100  eps 0.010  train return   -8.61%  loss 3.18e-05  maxQ +0.0341  changes  1367  5.6 min | val return +3.47% (best +35.91%)
episode  81/100  eps 0.010  train return  +37.75%  loss 3.07e-05  maxQ +0.0345  changes  1563  5.6 min | val return +4.30% (best +35.91%)
episode  82/100  eps 0.010  train return  +44.71%  loss 3.04e-05  maxQ +0.0339  changes  1577  5.7 min | val return +4.21% (best +35.91%)
episode  83/100  eps 0.010  train return  -46.14%  loss 3.08e-05  maxQ +0.0313  changes  1501  5.8 min | val return +10.94% (best +35.91%)
episode  84/100  eps 0.010  train return   +3.82%  loss 3.06e-05  maxQ +0.0312  changes  1231  5.8 min | val return +10.44% (best +35.91%)
episode  85/100  eps 0.010  train return  +35.15%  loss 2.83e-05  maxQ +0.0317  changes   997  5.9 min | val return -3.16% (best +35.91%)
episode  86/100  eps 0.010  train return  +87.55%  loss 2.65e-05  maxQ +0.0306  changes  1150  6.0 min | val return +8.44% (best +35.91%)
episode  87/100  eps 0.010  train return   -8.93%  loss 2.65e-05  maxQ +0.0300  changes  1207  6.1 min | val return -16.38% (best +35.91%)
episode  88/100  eps 0.010  train return  +22.31%  loss 2.68e-05  maxQ +0.0295  changes  1180  6.1 min | val return -2.29% (best +35.91%)
episode  89/100  eps 0.010  train return  +78.84%  loss 2.56e-05  maxQ +0.0310  changes  1085  6.2 min | val return -0.87% (best +35.91%)
episode  90/100  eps 0.010  train return  +32.32%  loss 2.49e-05  maxQ +0.0311  changes  1074  6.3 min | val return -3.24% (best +35.91%)
episode  91/100  eps 0.010  train return  -41.40%  loss 2.54e-05  maxQ +0.0317  changes  1116  6.3 min | val return +0.24% (best +35.91%)
episode  92/100  eps 0.010  train return +397.00%  loss 2.52e-05  maxQ +0.0325  changes  1161  6.4 min | val return +5.92% (best +35.91%)
episode  93/100  eps 0.010  train return  +19.60%  loss 2.61e-05  maxQ +0.0320  changes  1073  6.5 min | val return -4.13% (best +35.91%)
episode  94/100  eps 0.010  train return +130.40%  loss 2.66e-05  maxQ +0.0346  changes  1238  6.5 min | val return +6.04% (best +35.91%)
episode  95/100  eps 0.010  train return +109.79%  loss 2.77e-05  maxQ +0.0349  changes  1450  6.6 min | val return -6.47% (best +35.91%)
episode  96/100  eps 0.010  train return  -19.38%  loss 2.80e-05  maxQ +0.0364  changes  1263  6.7 min | val return +6.62% (best +35.91%)
episode  97/100  eps 0.010  train return  +35.83%  loss 2.94e-05  maxQ +0.0382  changes  1472  6.7 min | val return +3.98% (best +35.91%)
episode  98/100  eps 0.010  train return  +80.48%  loss 2.98e-05  maxQ +0.0399  changes  1458  6.8 min | val return +10.72% (best +35.91%)
episode  99/100  eps 0.010  train return  +76.02%  loss 2.88e-05  maxQ +0.0411  changes  1495  6.9 min | val return -0.65% (best +35.91%)
episode 100/100  eps 0.010  train return  +14.71%  loss 2.94e-05  maxQ +0.0398  changes  1343  7.0 min | val return -1.27% (best +35.91%)
model    env  portfolio_return  excess_return  n_changes
 last    val         -0.012744       0.029874      240.9
 last val_w1          0.015509       0.042424      129.9
 last val_w2         -0.038274      -0.022841      119.9
 best    val          0.361442       0.404060       41.2
 best val_w1          0.131108       0.158023       24.2
 best val_w2          0.080521       0.095954       15.8
