Downloaded data: 9,672 candles, 2025-08-10 00:00:00+00:00 to 2026-09-16 23:00:00+00:00; no missing hours
dev_train: 7,296 candles, 2025-08-17 00:00:00+00:00 to 2026-06-16 23:00:00+00:00; no missing hours
val: 1,464 candles, 2026-06-17 00:00:00+00:00 to 2026-08-16 23:00:00+00:00; no missing hours
eval: 744 candles, 2026-08-17 00:00:00+00:00 to 2026-09-16 23:00:00+00:00; no missing hours
episode   1/100  eps 1.000  train return  -59.07%  loss 1.09e-04  maxQ +0.2271  changes  5877  0.1 min | val return +10.95% (best +10.95%)
episode   2/100  eps 0.912  train return  -70.59%  loss 2.98e-05  maxQ +0.2510  changes  5790  0.1 min | val return +4.12% (best +10.95%)
episode   3/100  eps 0.832  train return  -68.48%  loss 3.14e-05  maxQ +0.2519  changes  5794  0.2 min | val return -21.79% (best +10.95%)
episode   4/100  eps 0.759  train return  -66.15%  loss 3.13e-05  maxQ +0.2529  changes  5753  0.2 min | val return +7.25% (best +10.95%)
episode   5/100  eps 0.692  train return  -76.20%  loss 3.13e-05  maxQ +0.2537  changes  5602  0.3 min | val return -5.73% (best +10.95%)
episode   6/100  eps 0.631  train return  -19.07%  loss 3.19e-05  maxQ +0.2356  changes  5493  0.4 min | val return +11.45% (best +11.45%)
episode   7/100  eps 0.575  train return  -17.41%  loss 3.19e-05  maxQ +0.2267  changes  5334  0.4 min | val return +4.24% (best +11.45%)
episode   8/100  eps 0.525  train return  -50.09%  loss 3.19e-05  maxQ +0.2178  changes  5184  0.5 min | val return -12.11% (best +11.45%)
episode   9/100  eps 0.479  train return  -73.05%  loss 3.34e-05  maxQ +0.2036  changes  4932  0.6 min | val return -4.71% (best +11.45%)
episode  10/100  eps 0.436  train return  -85.51%  loss 3.36e-05  maxQ +0.1916  changes  4754  0.6 min | val return -8.72% (best +11.45%)
episode  11/100  eps 0.398  train return  -84.97%  loss 3.44e-05  maxQ +0.1819  changes  4646  0.7 min | val return -33.37% (best +11.45%)
episode  12/100  eps 0.363  train return  -74.84%  loss 3.41e-05  maxQ +0.1652  changes  4425  0.7 min | val return +8.06% (best +11.45%)
episode  13/100  eps 0.331  train return  -44.58%  loss 3.42e-05  maxQ +0.1545  changes  4291  0.8 min | val return -8.00% (best +11.45%)
episode  14/100  eps 0.302  train return  -75.30%  loss 3.37e-05  maxQ +0.1425  changes  3965  0.9 min | val return -4.30% (best +11.45%)
episode  15/100  eps 0.275  train return  -51.94%  loss 3.41e-05  maxQ +0.1295  changes  4000  0.9 min | val return -0.26% (best +11.45%)
episode  16/100  eps 0.251  train return  -43.34%  loss 3.19e-05  maxQ +0.1205  changes  3766  1.0 min | val return -9.69% (best +11.45%)
episode  17/100  eps 0.229  train return  -34.45%  loss 3.00e-05  maxQ +0.1138  changes  3525  1.1 min | val return +3.79% (best +11.45%)
episode  18/100  eps 0.209  train return  -56.49%  loss 3.00e-05  maxQ +0.1050  changes  3397  1.1 min | val return -5.29% (best +11.45%)
episode  19/100  eps 0.191  train return  -51.04%  loss 3.09e-05  maxQ +0.1013  changes  3418  1.2 min | val return -7.15% (best +11.45%)
episode  20/100  eps 0.174  train return  -51.92%  loss 3.02e-05  maxQ +0.0942  changes  3259  1.2 min | val return +0.13% (best +11.45%)
episode  21/100  eps 0.158  train return  -46.47%  loss 3.12e-05  maxQ +0.0886  changes  2939  1.3 min | val return -8.04% (best +11.45%)
episode  22/100  eps 0.145  train return  -33.26%  loss 3.17e-05  maxQ +0.0831  changes  2943  1.4 min | val return -14.77% (best +11.45%)
episode  23/100  eps 0.132  train return  -22.82%  loss 3.19e-05  maxQ +0.0788  changes  2763  1.4 min | val return -13.14% (best +11.45%)
episode  24/100  eps 0.120  train return  -66.35%  loss 3.17e-05  maxQ +0.0717  changes  2477  1.5 min | val return -4.97% (best +11.45%)
episode  25/100  eps 0.110  train return  -52.30%  loss 3.21e-05  maxQ +0.0667  changes  2372  1.5 min | val return -6.11% (best +11.45%)
episode  26/100  eps 0.100  train return  -17.67%  loss 3.21e-05  maxQ +0.0631  changes  2449  1.6 min | val return -14.29% (best +11.45%)
episode  27/100  eps 0.091  train return  -42.38%  loss 3.12e-05  maxQ +0.0613  changes  2175  1.7 min | val return -3.06% (best +11.45%)
episode  28/100  eps 0.083  train return  -48.97%  loss 3.05e-05  maxQ +0.0610  changes  2359  1.7 min | val return +4.64% (best +11.45%)
episode  29/100  eps 0.076  train return  -31.60%  loss 3.00e-05  maxQ +0.0597  changes  2246  1.8 min | val return +0.46% (best +11.45%)
episode  30/100  eps 0.069  train return  -65.32%  loss 3.03e-05  maxQ +0.0590  changes  2385  1.9 min | val return +2.88% (best +11.45%)
episode  31/100  eps 0.063  train return  -28.08%  loss 2.87e-05  maxQ +0.0569  changes  2365  1.9 min | val return -16.53% (best +11.45%)
episode  32/100  eps 0.058  train return +160.70%  loss 2.77e-05  maxQ +0.0557  changes  1873  2.0 min | val return -2.98% (best +11.45%)
episode  33/100  eps 0.052  train return  -51.58%  loss 2.81e-05  maxQ +0.0552  changes  1871  2.1 min | val return -5.16% (best +11.45%)
episode  34/100  eps 0.048  train return  -24.07%  loss 2.79e-05  maxQ +0.0500  changes  2104  2.2 min | val return -9.60% (best +11.45%)
episode  35/100  eps 0.044  train return  -28.04%  loss 2.83e-05  maxQ +0.0474  changes  1894  2.3 min | val return -11.59% (best +11.45%)
episode  36/100  eps 0.040  train return  +26.48%  loss 2.92e-05  maxQ +0.0483  changes  2147  2.3 min | val return -4.26% (best +11.45%)
episode  37/100  eps 0.036  train return  -49.99%  loss 2.98e-05  maxQ +0.0477  changes  1972  2.4 min | val return +2.44% (best +11.45%)
episode  38/100  eps 0.033  train return  -53.81%  loss 2.99e-05  maxQ +0.0463  changes  2002  2.5 min | val return -7.81% (best +11.45%)
episode  39/100  eps 0.030  train return  -49.33%  loss 2.95e-05  maxQ +0.0437  changes  2184  2.5 min | val return -0.04% (best +11.45%)
episode  40/100  eps 0.028  train return  -56.82%  loss 3.00e-05  maxQ +0.0428  changes  2313  2.6 min | val return -4.02% (best +11.45%)
episode  41/100  eps 0.025  train return  -59.01%  loss 2.90e-05  maxQ +0.0421  changes  1966  2.7 min | val return +1.70% (best +11.45%)
episode  42/100  eps 0.023  train return  +21.68%  loss 2.81e-05  maxQ +0.0398  changes  1885  2.8 min | val return -9.93% (best +11.45%)
episode  43/100  eps 0.021  train return   -7.66%  loss 2.69e-05  maxQ +0.0382  changes  1705  2.8 min | val return -3.55% (best +11.45%)
episode  44/100  eps 0.019  train return  -36.33%  loss 2.60e-05  maxQ +0.0349  changes  1502  2.9 min | val return -0.34% (best +11.45%)
episode  45/100  eps 0.017  train return  +41.10%  loss 2.47e-05  maxQ +0.0345  changes  1632  3.0 min | val return +2.23% (best +11.45%)
episode  46/100  eps 0.016  train return  +12.30%  loss 2.31e-05  maxQ +0.0359  changes  1395  3.1 min | val return -8.11% (best +11.45%)
episode  47/100  eps 0.014  train return  -30.15%  loss 2.20e-05  maxQ +0.0351  changes  1871  3.1 min | val return -38.19% (best +11.45%)
episode  48/100  eps 0.013  train return  -28.15%  loss 2.19e-05  maxQ +0.0339  changes  1539  3.2 min | val return +15.62% (best +15.62%)
episode  49/100  eps 0.012  train return  -35.70%  loss 2.26e-05  maxQ +0.0339  changes  1371  3.3 min | val return -17.95% (best +15.62%)
episode  50/100  eps 0.011  train return  +26.79%  loss 2.24e-05  maxQ +0.0331  changes  1363  3.4 min | val return -0.30% (best +15.62%)
episode  51/100  eps 0.010  train return  -38.13%  loss 2.29e-05  maxQ +0.0321  changes  1198  3.4 min | val return +6.14% (best +15.62%)
episode  52/100  eps 0.010  train return  -53.18%  loss 2.30e-05  maxQ +0.0327  changes  1261  3.5 min | val return -3.70% (best +15.62%)
episode  53/100  eps 0.010  train return  +27.36%  loss 2.39e-05  maxQ +0.0315  changes  1245  3.6 min | val return -6.58% (best +15.62%)
episode  54/100  eps 0.010  train return  +43.54%  loss 2.33e-05  maxQ +0.0299  changes  1456  3.6 min | val return +8.49% (best +15.62%)
episode  55/100  eps 0.010  train return  -53.03%  loss 2.29e-05  maxQ +0.0300  changes  1560  3.7 min | val return +3.65% (best +15.62%)
episode  56/100  eps 0.010  train return  +32.85%  loss 2.25e-05  maxQ +0.0312  changes  1497  3.8 min | val return +9.18% (best +15.62%)
episode  57/100  eps 0.010  train return  +28.12%  loss 2.31e-05  maxQ +0.0326  changes  1521  3.9 min | val return +3.39% (best +15.62%)
episode  58/100  eps 0.010  train return  -29.36%  loss 2.31e-05  maxQ +0.0308  changes  1447  3.9 min | val return +8.33% (best +15.62%)
episode  59/100  eps 0.010  train return  +52.92%  loss 2.42e-05  maxQ +0.0310  changes  1199  4.0 min | val return +8.42% (best +15.62%)
episode  60/100  eps 0.010  train return   +8.36%  loss 2.50e-05  maxQ +0.0300  changes  1244  4.1 min | val return +2.14% (best +15.62%)
episode  61/100  eps 0.010  train return   +4.49%  loss 2.64e-05  maxQ +0.0315  changes  1200  4.2 min | val return -1.16% (best +15.62%)
episode  62/100  eps 0.010  train return  +13.46%  loss 2.68e-05  maxQ +0.0301  changes  1198  4.2 min | val return +3.02% (best +15.62%)
episode  63/100  eps 0.010  train return  -28.89%  loss 2.64e-05  maxQ +0.0310  changes  1389  4.3 min | val return -11.31% (best +15.62%)
episode  64/100  eps 0.010  train return  -49.07%  loss 2.64e-05  maxQ +0.0321  changes  1406  4.4 min | val return +16.79% (best +16.79%)
episode  65/100  eps 0.010  train return  +70.99%  loss 2.69e-05  maxQ +0.0323  changes  1684  4.5 min | val return +11.47% (best +16.79%)
episode  66/100  eps 0.010  train return  +17.90%  loss 2.81e-05  maxQ +0.0321  changes  1739  4.5 min | val return -3.38% (best +16.79%)
episode  67/100  eps 0.010  train return   +5.46%  loss 2.93e-05  maxQ +0.0331  changes  1964  4.6 min | val return -5.38% (best +16.79%)
episode  68/100  eps 0.010  train return  +14.18%  loss 2.97e-05  maxQ +0.0337  changes  1790  4.7 min | val return +4.35% (best +16.79%)
episode  69/100  eps 0.010  train return   +9.61%  loss 3.04e-05  maxQ +0.0336  changes  2175  4.7 min | val return -11.50% (best +16.79%)
episode  70/100  eps 0.010  train return  -14.19%  loss 3.17e-05  maxQ +0.0340  changes  2193  4.8 min | val return +11.33% (best +16.79%)
episode  71/100  eps 0.010  train return  +19.49%  loss 3.21e-05  maxQ +0.0335  changes  2268  4.9 min | val return -12.38% (best +16.79%)
episode  72/100  eps 0.010  train return  -32.51%  loss 3.20e-05  maxQ +0.0346  changes  2408  4.9 min | val return -1.04% (best +16.79%)
episode  73/100  eps 0.010  train return  -10.76%  loss 3.19e-05  maxQ +0.0332  changes  2155  5.0 min | val return -8.98% (best +16.79%)
episode  74/100  eps 0.010  train return  -28.69%  loss 3.24e-05  maxQ +0.0323  changes  2424  5.1 min | val return -9.70% (best +16.79%)
episode  75/100  eps 0.010  train return  -50.29%  loss 3.22e-05  maxQ +0.0309  changes  1949  5.2 min | val return +0.29% (best +16.79%)
episode  76/100  eps 0.010  train return  +69.77%  loss 3.13e-05  maxQ +0.0311  changes  1587  5.2 min | val return -6.92% (best +16.79%)
episode  77/100  eps 0.010  train return  +19.44%  loss 3.18e-05  maxQ +0.0308  changes  1390  5.3 min | val return +15.10% (best +16.79%)
episode  78/100  eps 0.010  train return  +18.84%  loss 3.20e-05  maxQ +0.0289  changes  1344  5.4 min | val return -6.58% (best +16.79%)
episode  79/100  eps 0.010  train return  -43.81%  loss 3.25e-05  maxQ +0.0288  changes  1331  5.5 min | val return +7.30% (best +16.79%)
episode  80/100  eps 0.010  train return  -29.95%  loss 3.36e-05  maxQ +0.0292  changes  1455  5.5 min | val return +14.47% (best +16.79%)
episode  81/100  eps 0.010  train return  -41.82%  loss 3.39e-05  maxQ +0.0307  changes  1529  5.6 min | val return +4.95% (best +16.79%)
episode  82/100  eps 0.010  train return  +44.53%  loss 3.28e-05  maxQ +0.0318  changes  1508  5.7 min | val return -6.37% (best +16.79%)
episode  83/100  eps 0.010  train return  +60.85%  loss 3.27e-05  maxQ +0.0325  changes  1337  5.7 min | val return -17.30% (best +16.79%)
episode  84/100  eps 0.010  train return  +33.96%  loss 3.21e-05  maxQ +0.0313  changes  1077  5.8 min | val return -6.93% (best +16.79%)
episode  85/100  eps 0.010  train return +136.55%  loss 2.96e-05  maxQ +0.0312  changes  1369  5.9 min | val return -14.58% (best +16.79%)
episode  86/100  eps 0.010  train return   -8.05%  loss 2.96e-05  maxQ +0.0319  changes  1237  6.0 min | val return -3.95% (best +16.79%)
episode  87/100  eps 0.010  train return  +72.32%  loss 2.80e-05  maxQ +0.0332  changes  1212  6.0 min | val return -10.16% (best +16.79%)
episode  88/100  eps 0.010  train return  -29.28%  loss 2.76e-05  maxQ +0.0337  changes  1387  6.1 min | val return +2.78% (best +16.79%)
episode  89/100  eps 0.010  train return  -47.37%  loss 2.81e-05  maxQ +0.0345  changes  1523  6.2 min | val return -0.74% (best +16.79%)
episode  90/100  eps 0.010  train return  +43.50%  loss 2.83e-05  maxQ +0.0340  changes  1378  6.2 min | val return +0.62% (best +16.79%)
episode  91/100  eps 0.010  train return  +34.14%  loss 2.85e-05  maxQ +0.0332  changes  1443  6.3 min | val return -1.73% (best +16.79%)
episode  92/100  eps 0.010  train return   -1.07%  loss 2.89e-05  maxQ +0.0329  changes  1437  6.4 min | val return -4.62% (best +16.79%)
episode  93/100  eps 0.010  train return  +10.19%  loss 2.75e-05  maxQ +0.0325  changes  1525  6.4 min | val return -0.05% (best +16.79%)
episode  94/100  eps 0.010  train return  +18.67%  loss 2.66e-05  maxQ +0.0317  changes  1576  6.5 min | val return -2.05% (best +16.79%)
episode  95/100  eps 0.010  train return  -10.90%  loss 2.57e-05  maxQ +0.0305  changes  1388  6.6 min | val return +4.65% (best +16.79%)
episode  96/100  eps 0.010  train return  +46.43%  loss 2.51e-05  maxQ +0.0313  changes  1345  6.7 min | val return -9.98% (best +16.79%)
episode  97/100  eps 0.010  train return +131.11%  loss 2.48e-05  maxQ +0.0319  changes  1299  6.7 min | val return -4.76% (best +16.79%)
episode  98/100  eps 0.010  train return   -8.69%  loss 2.43e-05  maxQ +0.0329  changes  1665  6.8 min | val return -4.72% (best +16.79%)
episode  99/100  eps 0.010  train return  -11.06%  loss 2.40e-05  maxQ +0.0337  changes  1469  6.9 min | val return -24.30% (best +16.79%)
episode 100/100  eps 0.010  train return  +37.42%  loss 2.41e-05  maxQ +0.0324  changes  1465  7.0 min | val return -9.80% (best +16.79%)
model    env  portfolio_return  excess_return  n_changes
 last    val         -0.099016      -0.056398      153.5
 last val_w1         -0.112818      -0.085903       87.5
 last val_w2         -0.011707       0.003727       67.9
 best    val          0.167926       0.210544      145.3
 best val_w1          0.192144       0.219059       63.3
 best val_w2         -0.013817       0.001617       83.7
